Archive member included to satisfy reference by file (symbol)

d:/soft/systemworkbench/plugins/fr.ac6.mcu.externaltools.arm-none.win32_1.17.0.201812190825/tools/compiler/bin/../lib/gcc/arm-none-eabi/7.3.1/../../../../arm-none-eabi/lib/thumb/v7-m\libc_nano.a(lib_a-atoi.o)
                              Src/net.o (atoi)
d:/soft/systemworkbench/plugins/fr.ac6.mcu.externaltools.arm-none.win32_1.17.0.201812190825/tools/compiler/bin/../lib/gcc/arm-none-eabi/7.3.1/../../../../arm-none-eabi/lib/thumb/v7-m\libc_nano.a(lib_a-errno.o)
                              Src/syscalls.o (__errno)
d:/soft/systemworkbench/plugins/fr.ac6.mcu.externaltools.arm-none.win32_1.17.0.201812190825/tools/compiler/bin/../lib/gcc/arm-none-eabi/7.3.1/../../../../arm-none-eabi/lib/thumb/v7-m\libc_nano.a(lib_a-exit.o)
                              d:/soft/systemworkbench/plugins/fr.ac6.mcu.externaltools.arm-none.win32_1.17.0.201812190825/tools/compiler/bin/../lib/gcc/arm-none-eabi/7.3.1/../../../../arm-none-eabi/lib/thumb/v7-m/crt0.o (exit)
d:/soft/systemworkbench/plugins/fr.ac6.mcu.externaltools.arm-none.win32_1.17.0.201812190825/tools/compiler/bin/../lib/gcc/arm-none-eabi/7.3.1/../../../../arm-none-eabi/lib/thumb/v7-m\libc_nano.a(lib_a-impure.o)
                              d:/soft/systemworkbench/plugins/fr.ac6.mcu.externaltools.arm-none.win32_1.17.0.201812190825/tools/compiler/bin/../lib/gcc/arm-none-eabi/7.3.1/../../../../arm-none-eabi/lib/thumb/v7-m\libc_nano.a(lib_a-exit.o) (_global_impure_ptr)
d:/soft/systemworkbench/plugins/fr.ac6.mcu.externaltools.arm-none.win32_1.17.0.201812190825/tools/compiler/bin/../lib/gcc/arm-none-eabi/7.3.1/../../../../arm-none-eabi/lib/thumb/v7-m\libc_nano.a(lib_a-init.o)
                              d:/soft/systemworkbench/plugins/fr.ac6.mcu.externaltools.arm-none.win32_1.17.0.201812190825/tools/compiler/bin/../lib/gcc/arm-none-eabi/7.3.1/../../../../arm-none-eabi/lib/thumb/v7-m/crt0.o (__libc_init_array)
d:/soft/systemworkbench/plugins/fr.ac6.mcu.externaltools.arm-none.win32_1.17.0.201812190825/tools/compiler/bin/../lib/gcc/arm-none-eabi/7.3.1/../../../../arm-none-eabi/lib/thumb/v7-m\libc_nano.a(lib_a-memcmp.o)
                              Src/arp.o (memcmp)
d:/soft/systemworkbench/plugins/fr.ac6.mcu.externaltools.arm-none.win32_1.17.0.201812190825/tools/compiler/bin/../lib/gcc/arm-none-eabi/7.3.1/../../../../arm-none-eabi/lib/thumb/v7-m\libc_nano.a(lib_a-memcpy-stub.o)
                              Middlewares/Third_Party/FreeRTOS/Source/queue.o (memcpy)
d:/soft/systemworkbench/plugins/fr.ac6.mcu.externaltools.arm-none.win32_1.17.0.201812190825/tools/compiler/bin/../lib/gcc/arm-none-eabi/7.3.1/../../../../arm-none-eabi/lib/thumb/v7-m\libc_nano.a(lib_a-memset.o)
                              d:/soft/systemworkbench/plugins/fr.ac6.mcu.externaltools.arm-none.win32_1.17.0.201812190825/tools/compiler/bin/../lib/gcc/arm-none-eabi/7.3.1/../../../../arm-none-eabi/lib/thumb/v7-m/crt0.o (memset)
d:/soft/systemworkbench/plugins/fr.ac6.mcu.externaltools.arm-none.win32_1.17.0.201812190825/tools/compiler/bin/../lib/gcc/arm-none-eabi/7.3.1/../../../../arm-none-eabi/lib/thumb/v7-m\libc_nano.a(lib_a-sprintf.o)
                              Src/arp.o (sprintf)
d:/soft/systemworkbench/plugins/fr.ac6.mcu.externaltools.arm-none.win32_1.17.0.201812190825/tools/compiler/bin/../lib/gcc/arm-none-eabi/7.3.1/../../../../arm-none-eabi/lib/thumb/v7-m\libc_nano.a(lib_a-strchr.o)
                              Src/net.o (strchr)
d:/soft/systemworkbench/plugins/fr.ac6.mcu.externaltools.arm-none.win32_1.17.0.201812190825/tools/compiler/bin/../lib/gcc/arm-none-eabi/7.3.1/../../../../arm-none-eabi/lib/thumb/v7-m\libc_nano.a(lib_a-strlen.o)
                              Src/arp.o (strlen)
d:/soft/systemworkbench/plugins/fr.ac6.mcu.externaltools.arm-none.win32_1.17.0.201812190825/tools/compiler/bin/../lib/gcc/arm-none-eabi/7.3.1/../../../../arm-none-eabi/lib/thumb/v7-m\libc_nano.a(lib_a-strncpy.o)
                              Src/net.o (strncpy)
d:/soft/systemworkbench/plugins/fr.ac6.mcu.externaltools.arm-none.win32_1.17.0.201812190825/tools/compiler/bin/../lib/gcc/arm-none-eabi/7.3.1/../../../../arm-none-eabi/lib/thumb/v7-m\libc_nano.a(lib_a-strtol.o)
                              d:/soft/systemworkbench/plugins/fr.ac6.mcu.externaltools.arm-none.win32_1.17.0.201812190825/tools/compiler/bin/../lib/gcc/arm-none-eabi/7.3.1/../../../../arm-none-eabi/lib/thumb/v7-m\libc_nano.a(lib_a-atoi.o) (_strtol_r)
d:/soft/systemworkbench/plugins/fr.ac6.mcu.externaltools.arm-none.win32_1.17.0.201812190825/tools/compiler/bin/../lib/gcc/arm-none-eabi/7.3.1/../../../../arm-none-eabi/lib/thumb/v7-m\libc_nano.a(lib_a-locale.o)
                              d:/soft/systemworkbench/plugins/fr.ac6.mcu.externaltools.arm-none.win32_1.17.0.201812190825/tools/compiler/bin/../lib/gcc/arm-none-eabi/7.3.1/../../../../arm-none-eabi/lib/thumb/v7-m\libc_nano.a(lib_a-strtol.o) (__locale_ctype_ptr_l)
[...]
Memory Configuration

Name             Origin             Length             Attributes
RAM              0x20000000         0x00005000         xrw
FLASH            0x08000000         0x00010000         xr
*default*        0x00000000         0xffffffff

Linker script and memory map

LOAD d:/soft/systemworkbench/plugins/fr.ac6.mcu.externaltools.arm-none.win32_1.17.0.201812190825/tools/compiler/bin/../lib/gcc/arm-none-eabi/7.3.1/thumb/v7-m/crti.o
LOAD d:/soft/systemworkbench/plugins/fr.ac6.mcu.externaltools.arm-none.win32_1.17.0.201812190825/tools/compiler/bin/../lib/gcc/arm-none-eabi/7.3.1/thumb/v7-m/crtbegin.o
LOAD d:/soft/systemworkbench/plugins/fr.ac6.mcu.externaltools.arm-none.win32_1.17.0.201812190825/tools/compiler/bin/../lib/gcc/arm-none-eabi/7.3.1/../../../../arm-none-eabi/lib/thumb/v7-m/crt0.o
LOAD Drivers/STM32F1xx_HAL_Driver/Src/stm32f1xx_hal.o
LOAD Drivers/STM32F1xx_HAL_Driver/Src/stm32f1xx_hal_adc.o
LOAD Drivers/STM32F1xx_HAL_Driver/Src/stm32f1xx_hal_adc_ex.o
LOAD Drivers/STM32F1xx_HAL_Driver/Src/stm32f1xx_hal_cortex.o
LOAD Drivers/STM32F1xx_HAL_Driver/Src/stm32f1xx_hal_dma.o
LOAD Drivers/STM32F1xx_HAL_Driver/Src/stm32f1xx_hal_flash.o
LOAD Drivers/STM32F1xx_HAL_Driver/Src/stm32f1xx_hal_flash_ex.o
LOAD Drivers/STM32F1xx_HAL_Driver/Src/stm32f1xx_hal_gpio.o
LOAD Drivers/STM32F1xx_HAL_Driver/Src/stm32f1xx_hal_gpio_ex.o
LOAD Drivers/STM32F1xx_HAL_Driver/Src/stm32f1xx_hal_i2c.o
LOAD Drivers/STM32F1xx_HAL_Driver/Src/stm32f1xx_hal_pwr.o
LOAD Drivers/STM32F1xx_HAL_Driver/Src/stm32f1xx_hal_rcc.o
LOAD Drivers/STM32F1xx_HAL_Driver/Src/stm32f1xx_hal_rcc_ex.o
LOAD Drivers/STM32F1xx_HAL_Driver/Src/stm32f1xx_hal_spi.o
LOAD Drivers/STM32F1xx_HAL_Driver/Src/stm32f1xx_hal_spi_ex.o
LOAD Drivers/STM32F1xx_HAL_Driver/Src/stm32f1xx_hal_tim.o
LOAD Drivers/STM32F1xx_HAL_Driver/Src/stm32f1xx_hal_tim_ex.o
LOAD Drivers/STM32F1xx_HAL_Driver/Src/stm32f1xx_hal_uart.o
LOAD Middlewares/Third_Party/FreeRTOS/Source/CMSIS_RTOS/cmsis_os.o
LOAD Middlewares/Third_Party/FreeRTOS/Source/croutine.o
LOAD Middlewares/Third_Party/FreeRTOS/Source/event_groups.o
LOAD Middlewares/Third_Party/FreeRTOS/Source/list.o
LOAD Middlewares/Third_Party/FreeRTOS/Source/queue.o
LOAD Middlewares/Third_Party/FreeRTOS/Source/tasks.o
LOAD Middlewares/Third_Party/FreeRTOS/Source/timers.o
LOAD Middlewares/Third_Party/FreeRTOS/Source/portable/GCC/ARM_CM3/port.o
LOAD Middlewares/Third_Party/FreeRTOS/Source/portable/MemMang/heap_4.o
LOAD Src/arp.o
LOAD Src/enc28j60.o
LOAD Src/freertos.o
LOAD Src/main.o
LOAD Src/net.o
LOAD Src/stm32f1xx_hal_msp.o
LOAD Src/stm32f1xx_hal_timebase_tim.o
LOAD Src/stm32f1xx_it.o
LOAD Src/syscalls.o
LOAD Src/system_stm32f1xx.o
LOAD Src/udp.o
LOAD startup/startup_stm32f103xb.o
LOAD d:/soft/systemworkbench/plugins/fr.ac6.mcu.externaltools.arm-none.win32_1.17.0.201812190825/tools/compiler/bin/../lib/gcc/arm-none-eabi/7.3.1/../../../../arm-none-eabi/lib/thumb/v7-m\libm.a
START GROUP
LOAD d:/soft/systemworkbench/plugins/fr.ac6.mcu.externaltools.arm-none.win32_1.17.0.201812190825/tools/compiler/bin/../lib/gcc/arm-none-eabi/7.3.1/thumb/v7-m\libgcc.a
LOAD d:/soft/systemworkbench/plugins/fr.ac6.mcu.externaltools.arm-none.win32_1.17.0.201812190825/tools/compiler/bin/../lib/gcc/arm-none-eabi/7.3.1/../../../../arm-none-eabi/lib/thumb/v7-m\libc_nano.a
END GROUP
START GROUP
LOAD d:/soft/systemworkbench/plugins/fr.ac6.mcu.externaltools.arm-none.win32_1.17.0.201812190825/tools/compiler/bin/../lib/gcc/arm-none-eabi/7.3.1/thumb/v7-m\libgcc.a
LOAD d:/soft/systemworkbench/plugins/fr.ac6.mcu.externaltools.arm-none.win32_1.17.0.201812190825/tools/compiler/bin/../lib/gcc/arm-none-eabi/7.3.1/../../../../arm-none-eabi/lib/thumb/v7-m\libc_nano.a
LOAD d:/soft/systemworkbench/plugins/fr.ac6.mcu.externaltools.arm-none.win32_1.17.0.201812190825/tools/compiler/bin/../lib/gcc/arm-none-eabi/7.3.1/../../../../arm-none-eabi/lib/thumb/v7-m\libnosys.a
END GROUP
START GROUP
LOAD d:/soft/systemworkbench/plugins/fr.ac6.mcu.externaltools.arm-none.win32_1.17.0.201812190825/tools/compiler/bin/../lib/gcc/arm-none-eabi/7.3.1/thumb/v7-m\libgcc.a
LOAD d:/soft/systemworkbench/plugins/fr.ac6.mcu.externaltools.arm-none.win32_1.17.0.201812190825/tools/compiler/bin/../lib/gcc/arm-none-eabi/7.3.1/../../../../arm-none-eabi/lib/thumb/v7-m\libc_nano.a
LOAD d:/soft/systemworkbench/plugins/fr.ac6.mcu.externaltools.arm-none.win32_1.17.0.201812190825/tools/compiler/bin/../lib/gcc/arm-none-eabi/7.3.1/../../../../arm-none-eabi/lib/thumb/v7-m\libnosys.a
END GROUP
LOAD d:/soft/systemworkbench/plugins/fr.ac6.mcu.externaltools.arm-none.win32_1.17.0.201812190825/tools/compiler/bin/../lib/gcc/arm-none-eabi/7.3.1/thumb/v7-m/crtend.o
LOAD d:/soft/systemworkbench/plugins/fr.ac6.mcu.externaltools.arm-none.win32_1.17.0.201812190825/tools/compiler/bin/../lib/gcc/arm-none-eabi/7.3.1/thumb/v7-m/crtn.o
                0x20005000                _estack = 0x20005000
                0x00000200                _Min_Heap_Size = 0x200
                0x00000400                _Min_Stack_Size = 0x400

.isr_vector     0x08000000      0x10c
                0x08000000                . = ALIGN (0x4)
 *(.isr_vector)
 .isr_vector    0x08000000      0x10c startup/startup_stm32f103xb.o
                0x08000000                g_pfnVectors
                0x0800010c                . = ALIGN (0x4)

.text           0x08000110     0x488c
                0x08000110                . = ALIGN (0x4)
 *(.text)
 .text          0x08000110       0x40 d:/soft/systemworkbench/plugins/fr.ac6.mcu.externaltools.arm-none.win32_1.17.0.201812190825/tools/compiler/bin/../lib/gcc/arm-none-eabi/7.3.1/thumb/v7-m/crtbegin.o
 .text          0x08000150       0x10 d:/soft/systemworkbench/plugins/fr.ac6.mcu.externaltools.arm-none.win32_1.17.0.201812190825/tools/compiler/bin/../lib/gcc/arm-none-eabi/7.3.1/../../../../arm-none-eabi/lib/thumb/v7-m\libc_nano.a(lib_a-strlen.o)
                0x08000150                strlen
 *(.text*)
 .text.HAL_Init
                0x08000160       0x24 Drivers/STM32F1xx_HAL_Driver/Src/stm32f1xx_hal.o
                0x08000160                HAL_Init
 .text.HAL_IncTick
                0x08000184       0x18 Drivers/STM32F1xx_HAL_Driver/Src/stm32f1xx_hal.o
                0x08000184                HAL_IncTick
 .text.HAL_GetTick
                0x0800019c        0xc Drivers/STM32F1xx_HAL_Driver/Src/stm32f1xx_hal.o
                0x0800019c                HAL_GetTick
 .text.HAL_Delay
                0x080001a8       0x28 Drivers/STM32F1xx_HAL_Driver/Src/stm32f1xx_hal.o
                0x080001a8                HAL_Delay
 .text.HAL_ADC_ConfigChannel
                0x080001d0      0x138 Drivers/STM32F1xx_HAL_Driver/Src/stm32f1xx_hal_adc.o
                0x080001d0                HAL_ADC_ConfigChannel
 .text.ADC_ConversionStop_Disable
                0x08000308       0x4c Drivers/STM32F1xx_HAL_Driver/Src/stm32f1xx_hal_adc.o
                0x08000308                ADC_ConversionStop_Disable
 .text.HAL_ADC_Init
                0x08000354      0x110 Drivers/STM32F1xx_HAL_Driver/Src/stm32f1xx_hal_adc.o
                0x08000354                HAL_ADC_Init
 .text.HAL_NVIC_SetPriorityGrouping
                0x08000464       0x24 Drivers/STM32F1xx_HAL_Driver/Src/stm32f1xx_hal_cortex.o
                0x08000464                HAL_NVIC_SetPriorityGrouping
 .text.HAL_NVIC_SetPriority
                0x08000488       0x68 Drivers/STM32F1xx_HAL_Driver/Src/stm32f1xx_hal_cortex.o
                0x08000488                HAL_NVIC_SetPriority
 .text.HAL_NVIC_EnableIRQ
                0x080004f0       0x18 Drivers/STM32F1xx_HAL_Driver/Src/stm32f1xx_hal_cortex.o
                0x080004f0                HAL_NVIC_EnableIRQ
 .text.HAL_GPIO_Init
                0x08000508      0x1d4 Drivers/STM32F1xx_HAL_Driver/Src/stm32f1xx_hal_gpio.o
                0x08000508                HAL_GPIO_Init
 .text.HAL_GPIO_WritePin
                0x080006dc        0xc Drivers/STM32F1xx_HAL_Driver/Src/stm32f1xx_hal_gpio.o
                0x080006dc                HAL_GPIO_WritePin
 .text.HAL_GPIO_TogglePin
                0x080006e8        0x8 Drivers/STM32F1xx_HAL_Driver/Src/stm32f1xx_hal_gpio.o
                0x080006e8                HAL_GPIO_TogglePin
 .text.HAL_GPIO_EXTI_IRQHandler
                0x080006f0       0x1c Drivers/STM32F1xx_HAL_Driver/Src/stm32f1xx_hal_gpio.o
                0x080006f0                HAL_GPIO_EXTI_IRQHandler
 .text.HAL_I2C_Init
                0x0800070c      0x168 Drivers/STM32F1xx_HAL_Driver/Src/stm32f1xx_hal_i2c.o
                0x0800070c                HAL_I2C_Init
 .text.RCC_Delay
                0x08000874       0x2c Drivers/STM32F1xx_HAL_Driver/Src/stm32f1xx_hal_rcc.o
 .text.HAL_RCC_OscConfig
                0x080008a0      0x3dc Drivers/STM32F1xx_HAL_Driver/Src/stm32f1xx_hal_rcc.o
                0x080008a0                HAL_RCC_OscConfig
 .text.HAL_RCC_GetSysClockFreq
                0x08000c7c       0x70 Drivers/STM32F1xx_HAL_Driver/Src/stm32f1xx_hal_rcc.o
                0x08000c7c                HAL_RCC_GetSysClockFreq
 .text.HAL_RCC_ClockConfig
                0x08000cec      0x19c Drivers/STM32F1xx_HAL_Driver/Src/stm32f1xx_hal_rcc.o
                0x08000cec                HAL_RCC_ClockConfig
 .text.HAL_RCC_GetHCLKFreq
                0x08000e88        0xc Drivers/STM32F1xx_HAL_Driver/Src/stm32f1xx_hal_rcc.o
                0x08000e88                HAL_RCC_GetHCLKFreq
 .text.HAL_RCC_GetPCLK1Freq
                0x08000e94       0x20 Drivers/STM32F1xx_HAL_Driver/Src/stm32f1xx_hal_rcc.o
                0x08000e94                HAL_RCC_GetPCLK1Freq
 .text.HAL_RCC_GetPCLK2Freq
                0x08000eb4       0x20 Drivers/STM32F1xx_HAL_Driver/Src/stm32f1xx_hal_rcc.o
                0x08000eb4                HAL_RCC_GetPCLK2Freq
 .text.HAL_RCC_GetClockConfig
                0x08000ed4       0x3c Drivers/STM32F1xx_HAL_Driver/Src/stm32f1xx_hal_rcc.o
                0x08000ed4                HAL_RCC_GetClockConfig
 .text.HAL_RCCEx_PeriphCLKConfig
                0x08000f10      0x114 Drivers/STM32F1xx_HAL_Driver/Src/stm32f1xx_hal_rcc_ex.o
                0x08000f10                HAL_RCCEx_PeriphCLKConfig
 .text.SPI_WaitFlagStateUntilTimeout
                0x08001024       0x96 Drivers/STM32F1xx_HAL_Driver/Src/stm32f1xx_hal_spi.o
 .text.SPI_CheckFlag_BSY
                0x080010ba       0x28 Drivers/STM32F1xx_HAL_Driver/Src/stm32f1xx_hal_spi.o
 .text.HAL_SPI_TransmitReceive
                0x080010e2      0x238 Drivers/STM32F1xx_HAL_Driver/Src/stm32f1xx_hal_spi.o
                0x080010e2                HAL_SPI_TransmitReceive
 .text.HAL_SPI_Init
                0x0800131a       0x82 Drivers/STM32F1xx_HAL_Driver/Src/stm32f1xx_hal_spi_ex.o
                0x0800131a                HAL_SPI_Init
 .text.TIM_OC1_SetConfig
                0x0800139c       0x5c Drivers/STM32F1xx_HAL_Driver/Src/stm32f1xx_hal_tim.o
 .text.TIM_OC3_SetConfig
                0x080013f8       0x64 Drivers/STM32F1xx_HAL_Driver/Src/stm32f1xx_hal_tim.o
 .text.TIM_OC4_SetConfig
                0x0800145c       0x48 Drivers/STM32F1xx_HAL_Driver/Src/stm32f1xx_hal_tim.o
 .text.HAL_TIM_Base_MspInit
                0x080014a4        0x2 Drivers/STM32F1xx_HAL_Driver/Src/stm32f1xx_hal_tim.o
                0x080014a4                HAL_TIM_Base_MspInit
 .text.HAL_TIM_Base_Start_IT
                0x080014a6       0x18 Drivers/STM32F1xx_HAL_Driver/Src/stm32f1xx_hal_tim.o
                0x080014a6                HAL_TIM_Base_Start_IT
 .text.HAL_TIM_OC_DelayElapsedCallback
                0x080014be        0x2 Drivers/STM32F1xx_HAL_Driver/Src/stm32f1xx_hal_tim.o
                0x080014be                HAL_TIM_OC_DelayElapsedCallback
 .text.HAL_TIM_IC_CaptureCallback
                0x080014c0        0x2 Drivers/STM32F1xx_HAL_Driver/Src/stm32f1xx_hal_tim.o
                0x080014c0                HAL_TIM_IC_CaptureCallback
 .text.HAL_TIM_PWM_PulseFinishedCallback
                0x080014c2        0x2 Drivers/STM32F1xx_HAL_Driver/Src/stm32f1xx_hal_tim.o
                0x080014c2                HAL_TIM_PWM_PulseFinishedCallback
 .text.HAL_TIM_TriggerCallback
                0x080014c4        0x2 Drivers/STM32F1xx_HAL_Driver/Src/stm32f1xx_hal_tim.o
                0x080014c4                HAL_TIM_TriggerCallback
 .text.HAL_TIM_IRQHandler
                0x080014c6      0x17a Drivers/STM32F1xx_HAL_Driver/Src/stm32f1xx_hal_tim.o
                0x080014c6                HAL_TIM_IRQHandler
 .text.TIM_Base_SetConfig
                0x08001640       0x74 Drivers/STM32F1xx_HAL_Driver/Src/stm32f1xx_hal_tim.o
                0x08001640                TIM_Base_SetConfig
 .text.HAL_TIM_Base_Init
                0x080016b4       0x32 Drivers/STM32F1xx_HAL_Driver/Src/stm32f1xx_hal_tim.o
                0x080016b4                HAL_TIM_Base_Init
 .text.HAL_TIM_PWM_Init
                0x080016e6       0x32 Drivers/STM32F1xx_HAL_Driver/Src/stm32f1xx_hal_tim.o
                0x080016e6                HAL_TIM_PWM_Init
 .text.TIM_OC2_SetConfig
                0x08001718       0x64 Drivers/STM32F1xx_HAL_Driver/Src/stm32f1xx_hal_tim.o
                0x08001718                TIM_OC2_SetConfig
 .text.HAL_TIM_PWM_ConfigChannel
                0x0800177c       0xdc Drivers/STM32F1xx_HAL_Driver/Src/stm32f1xx_hal_tim.o
                0x0800177c                HAL_TIM_PWM_ConfigChannel
 .text.TIM_CCxChannelCmd
                0x08001858       0x1c Drivers/STM32F1xx_HAL_Driver/Src/stm32f1xx_hal_tim.o
                0x08001858                TIM_CCxChannelCmd
 .text.HAL_TIM_PWM_Start
                0x08001874       0x30 Drivers/STM32F1xx_HAL_Driver/Src/stm32f1xx_hal_tim.o
                0x08001874                HAL_TIM_PWM_Start
 .text.HAL_TIM_PWM_Stop
                0x080018a4       0x60 Drivers/STM32F1xx_HAL_Driver/Src/stm32f1xx_hal_tim.o
                0x080018a4                HAL_TIM_PWM_Stop
 .text.HAL_TIMEx_MasterConfigSynchronization
                0x08001904       0x52 Drivers/STM32F1xx_HAL_Driver/Src/stm32f1xx_hal_tim_ex.o
                0x08001904                HAL_TIMEx_MasterConfigSynchronization
 .text.HAL_TIMEx_CommutationCallback
                0x08001956        0x2 Drivers/STM32F1xx_HAL_Driver/Src/stm32f1xx_hal_tim_ex.o
                0x08001956                HAL_TIMEx_CommutationCallback
 .text.HAL_TIMEx_BreakCallback
                0x08001958        0x2 Drivers/STM32F1xx_HAL_Driver/Src/stm32f1xx_hal_tim_ex.o
                0x08001958                HAL_TIMEx_BreakCallback
 *fill*         0x0800195a        0x2 
 .text.UART_SetConfig
                0x0800195c      0x1ac Drivers/STM32F1xx_HAL_Driver/Src/stm32f1xx_hal_uart.o
 .text.UART_WaitOnFlagUntilTimeout
                0x08001b08       0x62 Drivers/STM32F1xx_HAL_Driver/Src/stm32f1xx_hal_uart.o
 .text.HAL_UART_Init
                0x08001b6a       0x5e Drivers/STM32F1xx_HAL_Driver/Src/stm32f1xx_hal_uart.o
                0x08001b6a                HAL_UART_Init
 .text.HAL_UART_Transmit
                0x08001bc8       0xe0 Drivers/STM32F1xx_HAL_Driver/Src/stm32f1xx_hal_uart.o
                0x08001bc8                HAL_UART_Transmit
 .text.makeFreeRtosPriority
                0x08001ca8        0xc Middlewares/Third_Party/FreeRTOS/Source/CMSIS_RTOS/cmsis_os.o
 .text.osKernelStart
                0x08001cb4        0xa Middlewares/Third_Party/FreeRTOS/Source/CMSIS_RTOS/cmsis_os.o
                0x08001cb4                osKernelStart
 .text.osThreadCreate
                0x08001cbe       0x34 Middlewares/Third_Party/FreeRTOS/Source/CMSIS_RTOS/cmsis_os.o
                0x08001cbe                osThreadCreate
 .text.osDelay  0x08001cf2       0x12 Middlewares/Third_Party/FreeRTOS/Source/CMSIS_RTOS/cmsis_os.o
                0x08001cf2                osDelay
 .text.vListInitialise
                0x08001d04       0x16 Middlewares/Third_Party/FreeRTOS/Source/list.o
                0x08001d04                vListInitialise
 .text.vListInitialiseItem
                0x08001d1a        0x6 Middlewares/Third_Party/FreeRTOS/Source/list.o
                0x08001d1a                vListInitialiseItem
 .text.vListInsertEnd
                0x08001d20       0x18 Middlewares/Third_Party/FreeRTOS/Source/list.o
                0x08001d20                vListInsertEnd
 .text.vListInsert
                0x08001d38       0x34 Middlewares/Third_Party/FreeRTOS/Source/list.o
                0x08001d38                vListInsert
 .text.uxListRemove
                0x08001d6c       0x26 Middlewares/Third_Party/FreeRTOS/Source/list.o
                0x08001d6c                uxListRemove
 *fill*         0x08001d92        0x2 
 .text.prvResetNextTaskUnblockTime
                0x08001d94       0x24 Middlewares/Third_Party/FreeRTOS/Source/tasks.o
 .text.prvDeleteTCB
                0x08001db8       0x12 Middlewares/Third_Party/FreeRTOS/Source/tasks.o
 .text.prvInitialiseNewTask
                0x08001dca       0x80 Middlewares/Third_Party/FreeRTOS/Source/tasks.o
 *fill*         0x08001e4a        0x2 
 .text.prvInitialiseTaskLists
                0x08001e4c       0x58 Middlewares/Third_Party/FreeRTOS/Source/tasks.o
 .text.prvAddNewTaskToReadyList
                0x08001ea4       0xac Middlewares/Third_Party/FreeRTOS/Source/tasks.o
 .text.prvAddCurrentTaskToDelayedList
                0x08001f50       0x88 Middlewares/Third_Party/FreeRTOS/Source/tasks.o
 .text.xTaskCreate
                0x08001fd8       0x62 Middlewares/Third_Party/FreeRTOS/Source/tasks.o
                0x08001fd8                xTaskCreate
 *fill*         0x0800203a        0x2 
 .text.vTaskDelete
                0x0800203c       0xdc Middlewares/Third_Party/FreeRTOS/Source/tasks.o
                0x0800203c                vTaskDelete
 .text.vTaskStartScheduler
                0x08002118       0x74 Middlewares/Third_Party/FreeRTOS/Source/tasks.o
                0x08002118                vTaskStartScheduler
 .text.vTaskSuspendAll
                0x0800218c       0x14 Middlewares/Third_Party/FreeRTOS/Source/tasks.o
                0x0800218c                vTaskSuspendAll
 .text.xTaskIncrementTick
                0x080021a0      0x10c Middlewares/Third_Party/FreeRTOS/Source/tasks.o
                0x080021a0                xTaskIncrementTick
 .text.xTaskResumeAll
                0x080022ac       0xf0 Middlewares/Third_Party/FreeRTOS/Source/tasks.o
                0x080022ac                xTaskResumeAll
 .text.vTaskDelay
                0x0800239c       0x4c Middlewares/Third_Party/FreeRTOS/Source/tasks.o
                0x0800239c                vTaskDelay
 .text.prvCheckTasksWaitingTermination
                0x080023e8       0x54 Middlewares/Third_Party/FreeRTOS/Source/tasks.o
 .text.prvIdleTask
                0x0800243c       0x28 Middlewares/Third_Party/FreeRTOS/Source/tasks.o
 .text.vTaskSwitchContext
                0x08002464       0x90 Middlewares/Third_Party/FreeRTOS/Source/tasks.o
                0x08002464                vTaskSwitchContext
 .text.prvTaskExitError
                0x080024f4       0x34 Middlewares/Third_Party/FreeRTOS/Source/portable/GCC/ARM_CM3/port.o
 .text.prvPortStartFirstTask
                0x08002528       0x20 Middlewares/Third_Party/FreeRTOS/Source/portable/GCC/ARM_CM3/port.o
 .text.pxPortInitialiseStack
                0x08002548       0x24 Middlewares/Third_Party/FreeRTOS/Source/portable/GCC/ARM_CM3/port.o
                0x08002548                pxPortInitialiseStack
 *fill*         0x0800256c        0x4 
 .text.SVC_Handler
                0x08002570       0x24 Middlewares/Third_Party/FreeRTOS/Source/portable/GCC/ARM_CM3/port.o
                0x08002570                SVC_Handler
 .text.vPortEnterCritical
                0x08002594       0x44 Middlewares/Third_Party/FreeRTOS/Source/portable/GCC/ARM_CM3/port.o
                0x08002594                vPortEnterCritical
 .text.vPortExitCritical
                0x080025d8       0x2c Middlewares/Third_Party/FreeRTOS/Source/portable/GCC/ARM_CM3/port.o
                0x080025d8                vPortExitCritical
 *fill*         0x08002604        0xc 
 .text.PendSV_Handler
                0x08002610       0x44 Middlewares/Third_Party/FreeRTOS/Source/portable/GCC/ARM_CM3/port.o
                0x08002610                PendSV_Handler
 .text.SysTick_Handler
                0x08002654       0x2c Middlewares/Third_Party/FreeRTOS/Source/portable/GCC/ARM_CM3/port.o
                0x08002654                SysTick_Handler
 .text.vPortSetupTimerInterrupt
                0x08002680       0x2c Middlewares/Third_Party/FreeRTOS/Source/portable/GCC/ARM_CM3/port.o
                0x08002680                vPortSetupTimerInterrupt
 .text.xPortStartScheduler
                0x080026ac       0x90 Middlewares/Third_Party/FreeRTOS/Source/portable/GCC/ARM_CM3/port.o
                0x080026ac                xPortStartScheduler
 .text.prvHeapInit
                0x0800273c       0x54 Middlewares/Third_Party/FreeRTOS/Source/portable/MemMang/heap_4.o
 .text.prvInsertBlockIntoFreeList
                0x08002790       0x58 Middlewares/Third_Party/FreeRTOS/Source/portable/MemMang/heap_4.o
 .text.pvPortMalloc
                0x080027e8      0x10c Middlewares/Third_Party/FreeRTOS/Source/portable/MemMang/heap_4.o
                0x080027e8                pvPortMalloc
 .text.vPortFree
                0x080028f4       0x70 Middlewares/Third_Party/FreeRTOS/Source/portable/MemMang/heap_4.o
                0x080028f4                vPortFree
 .text.arp_read
                0x08002964       0x4c Src/arp.o
                0x08002964                arp_read
 .text.arp_send
                0x080029b0      0x108 Src/arp.o
                0x080029b0                arp_send
 .text.arp_request
                0x08002ab8      0x174 Src/arp.o
                0x08002ab8                arp_request
 .text.arp_table_fill
                0x08002c2c       0xc0 Src/arp.o
                0x08002c2c                arp_table_fill
 .text.Error    0x08002cec       0x14 Src/enc28j60.o
 .text.SPIx_WriteRead
                0x08002d00       0x38 Src/enc28j60.o
                0x08002d00                SPIx_WriteRead
 .text.SPI_SendByte
                0x08002d38        0x8 Src/enc28j60.o
                0x08002d38                SPI_SendByte
 .text.enc28j60_readBuf
                0x08002d40       0x40 Src/enc28j60.o
 .text.enc28j60_writeBuf
                0x08002d80       0x3c Src/enc28j60.o
 .text.SPI_ReceiveByte
                0x08002dbc        0xa Src/enc28j60.o
                0x08002dbc                SPI_ReceiveByte
 *fill*         0x08002dc6        0x2 
 .text.enc28j60_readOp
                0x08002dc8       0x44 Src/enc28j60.o
 .text.enc28j60_writeOp
                0x08002e0c       0x34 Src/enc28j60.o
                0x08002e0c                enc28j60_writeOp
 .text.enc28j60_SetBank
                0x08002e40       0x2c Src/enc28j60.o
                0x08002e40                enc28j60_SetBank
 .text.enc28j60_readRegByte
                0x08002e6c       0x12 Src/enc28j60.o
 .text.enc28j60_writeRegByte
                0x08002e7e       0x16 Src/enc28j60.o
                0x08002e7e                enc28j60_writeRegByte
 .text.enc28j60_writePhy
                0x08002e94       0x22 Src/enc28j60.o
 .text.enc28j60_writeReg
                0x08002eb6       0x18 Src/enc28j60.o
                0x08002eb6                enc28j60_writeReg
 *fill*         0x08002ece        0x2 
 .text.enc28j60_ini
                0x08002ed0      0x134 Src/enc28j60.o
                0x08002ed0                enc28j60_ini
 .text.enc28j60_packetReceive
                0x08003004       0x8c Src/enc28j60.o
                0x08003004                enc28j60_packetReceive
 .text.enc28j60_packetSend
                0x08003090       0x44 Src/enc28j60.o
                0x08003090                enc28j60_packetSend
 .text.MX_GPIO_Init
                0x080030d4       0xd4 Src/main.o
 .text.MX_ADC1_Init
                0x080031a8       0x44 Src/main.o
 .text.MX_SPI1_Init
                0x080031ec       0x38 Src/main.o
 .text.MX_TIM4_Init
                0x08003224       0x64 Src/main.o
 .text.MX_USART1_UART_Init
                0x08003288       0x2c Src/main.o
 .text.MX_I2C1_Init
                0x080032b4       0x34 Src/main.o
 .text.StartBuzzerTask
                0x080032e8       0x54 Src/main.o
                0x080032e8                StartBuzzerTask
 .text.StartUdpTestTask
                0x0800333c       0x40 Src/main.o
                0x0800333c                StartUdpTestTask
 .text.StartDefaultTask
                0x0800337c       0x1c Src/main.o
                0x0800337c                StartDefaultTask
 .text.SystemClock_Config
                0x08003398       0x5c Src/main.o
                0x08003398                SystemClock_Config
 .text.main     0x080033f4       0x78 Src/main.o
                0x080033f4                main
 .text.HAL_GPIO_EXTI_Callback
                0x0800346c       0x10 Src/main.o
                0x0800346c                HAL_GPIO_EXTI_Callback
 .text.HAL_TIM_PeriodElapsedCallback
                0x0800347c       0x18 Src/main.o
                0x0800347c                HAL_TIM_PeriodElapsedCallback
 .text.net_ini  0x08003494       0x2c Src/net.o
                0x08003494                net_ini
 .text.checksum
                0x080034c0       0x48 Src/net.o
                0x080034c0                checksum
 .text.eth_send
                0x08003508       0x28 Src/net.o
                0x08003508                eth_send
 .text.ip_send  0x08003530       0x44 Src/net.o
                0x08003530                ip_send
 .text.icmp_read
                0x08003574       0x98 Src/net.o
                0x08003574                icmp_read
 .text.ip_read  0x0800360c       0x50 Src/net.o
                0x0800360c                ip_read
 .text.ip_extract
                0x0800365c       0xa8 Src/net.o
                0x0800365c                ip_extract
 .text.port_extract
                0x08003704       0x1c Src/net.o
                0x08003704                port_extract
 .text.net_cmd  0x08003720       0x70 Src/net.o
                0x08003720                net_cmd
 .text.eth_read
                0x08003790      0x104 Src/net.o
                0x08003790                eth_read
 .text.net_poll
                0x08003894       0x20 Src/net.o
                0x08003894                net_poll
 .text.HAL_MspInit
                0x080038b4       0x54 Src/stm32f1xx_hal_msp.o
                0x080038b4                HAL_MspInit
 .text.HAL_ADC_MspInit
                0x08003908       0x60 Src/stm32f1xx_hal_msp.o
                0x08003908                HAL_ADC_MspInit
 .text.HAL_I2C_MspInit
                0x08003968       0x78 Src/stm32f1xx_hal_msp.o
                0x08003968                HAL_I2C_MspInit
 .text.HAL_SPI_MspInit
                0x080039e0       0x74 Src/stm32f1xx_hal_msp.o
                0x080039e0                HAL_SPI_MspInit
 .text.HAL_TIM_PWM_MspInit
                0x08003a54       0x2c Src/stm32f1xx_hal_msp.o
                0x08003a54                HAL_TIM_PWM_MspInit
 .text.HAL_TIM_MspPostInit
                0x08003a80       0x50 Src/stm32f1xx_hal_msp.o
                0x08003a80                HAL_TIM_MspPostInit
 .text.HAL_UART_MspInit
                0x08003ad0       0x78 Src/stm32f1xx_hal_msp.o
                0x08003ad0                HAL_UART_MspInit
 .text.HAL_InitTick
                0x08003b48       0x78 Src/stm32f1xx_hal_timebase_tim.o
                0x08003b48                HAL_InitTick
 .text.NMI_Handler
                0x08003bc0        0x2 Src/stm32f1xx_it.o
                0x08003bc0                NMI_Handler
 .text.HardFault_Handler
                0x08003bc2        0x2 Src/stm32f1xx_it.o
                0x08003bc2                HardFault_Handler
 .text.MemManage_Handler
                0x08003bc4        0x2 Src/stm32f1xx_it.o
                0x08003bc4                MemManage_Handler
 .text.BusFault_Handler
                0x08003bc6        0x2 Src/stm32f1xx_it.o
                0x08003bc6                BusFault_Handler
 .text.UsageFault_Handler
                0x08003bc8        0x2 Src/stm32f1xx_it.o
                0x08003bc8                UsageFault_Handler
 .text.DebugMon_Handler
                0x08003bca        0x2 Src/stm32f1xx_it.o
                0x08003bca                DebugMon_Handler
 .text.EXTI2_IRQHandler
                0x08003bcc        0xa Src/stm32f1xx_it.o
                0x08003bcc                EXTI2_IRQHandler
 *fill*         0x08003bd6        0x2 
 .text.TIM1_UP_IRQHandler
                0x08003bd8       0x10 Src/stm32f1xx_it.o
                0x08003bd8                TIM1_UP_IRQHandler
 .text._sbrk    0x08003be8       0x3c Src/syscalls.o
                0x08003be8                _sbrk
 .text.SystemInit
                0x08003c24       0x4c Src/system_stm32f1xx.o
                0x08003c24                SystemInit
 .text.udp_send
                0x08003c70       0xc0 Src/udp.o
                0x08003c70                udp_send
 .text.udp_reply
                0x08003d30       0x80 Src/udp.o
                0x08003d30                udp_reply
 .text.udp_read
                0x08003db0      0x12c Src/udp.o
                0x08003db0                udp_read
 .text.Reset_Handler
                0x08003edc       0x48 startup/startup_stm32f103xb.o
                0x08003edc                Reset_Handler
 .text.Default_Handler
                0x08003f24        0x2 startup/startup_stm32f103xb.o
                0x08003f24                RTC_Alarm_IRQHandler
                0x08003f24                TIM1_CC_IRQHandler
                0x08003f24                PVD_IRQHandler
                0x08003f24                EXTI3_IRQHandler
                0x08003f24                EXTI0_IRQHandler
                0x08003f24                I2C2_EV_IRQHandler
                0x08003f24                ADC1_2_IRQHandler
                0x08003f24                SPI1_IRQHandler
                0x08003f24                TAMPER_IRQHandler
                0x08003f24                DMA1_Channel4_IRQHandler
                0x08003f24                USART3_IRQHandler
                0x08003f24                RTC_IRQHandler
                0x08003f24                DMA1_Channel7_IRQHandler
                0x08003f24                CAN1_RX1_IRQHandler
                0x08003f24                TIM4_IRQHandler
                0x08003f24                I2C1_EV_IRQHandler
                0x08003f24                DMA1_Channel6_IRQHandler
                0x08003f24                TIM3_IRQHandler
                0x08003f24                RCC_IRQHandler
                0x08003f24                TIM1_TRG_COM_IRQHandler
                0x08003f24                DMA1_Channel1_IRQHandler
                0x08003f24                Default_Handler
                0x08003f24                EXTI15_10_IRQHandler
                0x08003f24                EXTI9_5_IRQHandler
                0x08003f24                SPI2_IRQHandler
                0x08003f24                DMA1_Channel5_IRQHandler
                0x08003f24                EXTI4_IRQHandler
                0x08003f24                USB_LP_CAN1_RX0_IRQHandler
                0x08003f24                USB_HP_CAN1_TX_IRQHandler
                0x08003f24                DMA1_Channel3_IRQHandler
                0x08003f24                WWDG_IRQHandler
                0x08003f24                TIM2_IRQHandler
                0x08003f24                TIM1_BRK_IRQHandler
                0x08003f24                EXTI1_IRQHandler
                0x08003f24                USART2_IRQHandler
                0x08003f24                I2C2_ER_IRQHandler
                0x08003f24                DMA1_Channel2_IRQHandler
                0x08003f24                CAN1_SCE_IRQHandler
                0x08003f24                FLASH_IRQHandler
                0x08003f24                USART1_IRQHandler
                0x08003f24                I2C1_ER_IRQHandler
                0x08003f24                USBWakeUp_IRQHandler
 .text.atoi     0x08003f26        0x8 d:/soft/systemworkbench/plugins/fr.ac6.mcu.externaltools.arm-none.win32_1.17.0.201812190825/tools/compiler/bin/../lib/gcc/arm-none-eabi/7.3.1/../../../../arm-none-eabi/lib/thumb/v7-m\libc_nano.a(lib_a-atoi.o)
                0x08003f26                atoi
 *fill*         0x08003f2e        0x2 
 .text.__errno  0x08003f30        0xc d:/soft/systemworkbench/plugins/fr.ac6.mcu.externaltools.arm-none.win32_1.17.0.201812190825/tools/compiler/bin/../lib/gcc/arm-none-eabi/7.3.1/../../../../arm-none-eabi/lib/thumb/v7-m\libc_nano.a(lib_a-errno.o)
                0x08003f30                __errno
 .text.__libc_init_array
                0x08003f3c       0x48 d:/soft/systemworkbench/plugins/fr.ac6.mcu.externaltools.arm-none.win32_1.17.0.201812190825/tools/compiler/bin/../lib/gcc/arm-none-eabi/7.3.1/../../../../arm-none-eabi/lib/thumb/v7-m\libc_nano.a(lib_a-init.o)
                0x08003f3c                __libc_init_array
 .text.memcmp   0x08003f84       0x1e d:/soft/systemworkbench/plugins/fr.ac6.mcu.externaltools.arm-none.win32_1.17.0.201812190825/tools/compiler/bin/../lib/gcc/arm-none-eabi/7.3.1/../../../../arm-none-eabi/lib/thumb/v7-m\libc_nano.a(lib_a-memcmp.o)
                0x08003f84                memcmp
 .text.memcpy   0x08003fa2       0x16 d:/soft/systemworkbench/plugins/fr.ac6.mcu.externaltools.arm-none.win32_1.17.0.201812190825/tools/compiler/bin/../lib/gcc/arm-none-eabi/7.3.1/../../../../arm-none-eabi/lib/thumb/v7-m\libc_nano.a(lib_a-memcpy-stub.o)
                0x08003fa2                memcpy
 .text.memset   0x08003fb8       0x10 d:/soft/systemworkbench/plugins/fr.ac6.mcu.externaltools.arm-none.win32_1.17.0.201812190825/tools/compiler/bin/../lib/gcc/arm-none-eabi/7.3.1/../../../../arm-none-eabi/lib/thumb/v7-m\libc_nano.a(lib_a-memset.o)
                0x08003fb8                memset
 .text.sprintf  0x08003fc8       0x40 d:/soft/systemworkbench/plugins/fr.ac6.mcu.externaltools.arm-none.win32_1.17.0.201812190825/tools/compiler/bin/../lib/gcc/arm-none-eabi/7.3.1/../../../../arm-none-eabi/lib/thumb/v7-m\libc_nano.a(lib_a-sprintf.o)
                0x08003fc8                siprintf
                0x08003fc8                sprintf
 .text.strchr   0x08004008       0x1a d:/soft/systemworkbench/plugins/fr.ac6.mcu.externaltools.arm-none.win32_1.17.0.201812190825/tools/compiler/bin/../lib/gcc/arm-none-eabi/7.3.1/../../../../arm-none-eabi/lib/thumb/v7-m\libc_nano.a(lib_a-strchr.o)
                0x08004008                strchr
 .text.strncpy  0x08004022       0x2a d:/soft/systemworkbench/plugins/fr.ac6.mcu.externaltools.arm-none.win32_1.17.0.201812190825/tools/compiler/bin/../lib/gcc/arm-none-eabi/7.3.1/../../../../arm-none-eabi/lib/thumb/v7-m\libc_nano.a(lib_a-strncpy.o)
                0x08004022                strncpy
 .text._strtol_l.isra.0
                0x0800404c       0xf6 d:/soft/systemworkbench/plugins/fr.ac6.mcu.externaltools.arm-none.win32_1.17.0.201812190825/tools/compiler/bin/../lib/gcc/arm-none-eabi/7.3.1/../../../../arm-none-eabi/lib/thumb/v7-m\libc_nano.a(lib_a-strtol.o)
 *fill*         0x08004142        0x2 
 .text.strtol   0x08004144       0x2c d:/soft/systemworkbench/plugins/fr.ac6.mcu.externaltools.arm-none.win32_1.17.0.201812190825/tools/compiler/bin/../lib/gcc/arm-none-eabi/7.3.1/../../../../arm-none-eabi/lib/thumb/v7-m\libc_nano.a(lib_a-strtol.o)
                0x08004144                strtol
 .text.__locale_ctype_ptr_l
                0x08004170        0x6 d:/soft/systemworkbench/plugins/fr.ac6.mcu.externaltools.arm-none.win32_1.17.0.201812190825/tools/compiler/bin/../lib/gcc/arm-none-eabi/7.3.1/../../../../arm-none-eabi/lib/thumb/v7-m\libc_nano.a(lib_a-locale.o)
                0x08004170                __locale_ctype_ptr_l
 .text.__ascii_mbtowc
                0x08004176       0x24 d:/soft/systemworkbench/plugins/fr.ac6.mcu.externaltools.arm-none.win32_1.17.0.201812190825/tools/compiler/bin/../lib/gcc/arm-none-eabi/7.3.1/../../../../arm-none-eabi/lib/thumb/v7-m\libc_nano.a(lib_a-mbtowc_r.o)
                0x08004176                __ascii_mbtowc
 .text.__ssputs_r
                0x0800419a       0xb4 d:/soft/systemworkbench/plugins/fr.ac6.mcu.externaltools.arm-none.win32_1.17.0.201812190825/tools/compiler/bin/../lib/gcc/arm-none-eabi/7.3.1/../../../../arm-none-eabi/lib/thumb/v7-m\libc_nano.a(lib_a-nano-svfprintf.o)
                0x0800419a                __ssputs_r
 *fill*         0x0800424e        0x2 
 .text._svfprintf_r
                0x08004250      0x1f0 d:/soft/systemworkbench/plugins/fr.ac6.mcu.externaltools.arm-none.win32_1.17.0.201812190825/tools/compiler/bin/../lib/gcc/arm-none-eabi/7.3.1/../../../../arm-none-eabi/lib/thumb/v7-m\libc_nano.a(lib_a-nano-svfprintf.o)
                0x08004250                _svfiprintf_r
                0x08004250                _svfprintf_r
 .text._printf_common
                0x08004440       0xec d:/soft/systemworkbench/plugins/fr.ac6.mcu.externaltools.arm-none.win32_1.17.0.201812190825/tools/compiler/bin/../lib/gcc/arm-none-eabi/7.3.1/../../../../arm-none-eabi/lib/thumb/v7-m\libc_nano.a(lib_a-nano-vfprintf_i.o)
                0x08004440                _printf_common
 .text._printf_i
                0x0800452c      0x224 d:/soft/systemworkbench/plugins/fr.ac6.mcu.externaltools.arm-none.win32_1.17.0.201812190825/tools/compiler/bin/../lib/gcc/arm-none-eabi/7.3.1/../../../../arm-none-eabi/lib/thumb/v7-m\libc_nano.a(lib_a-nano-vfprintf_i.o)
                0x0800452c                _printf_i
 .text.__ascii_wctomb
                0x08004750       0x1a d:/soft/systemworkbench/plugins/fr.ac6.mcu.externaltools.arm-none.win32_1.17.0.201812190825/tools/compiler/bin/../lib/gcc/arm-none-eabi/7.3.1/../../../../arm-none-eabi/lib/thumb/v7-m\libc_nano.a(lib_a-wctomb_r.o)
                0x08004750                __ascii_wctomb
 .text.memchr   0x0800476a       0x1c d:/soft/systemworkbench/plugins/fr.ac6.mcu.externaltools.arm-none.win32_1.17.0.201812190825/tools/compiler/bin/../lib/gcc/arm-none-eabi/7.3.1/../../../../arm-none-eabi/lib/thumb/v7-m\libc_nano.a(lib_a-memchr-stub.o)
                0x0800476a                memchr
 .text.memmove  0x08004786       0x32 d:/soft/systemworkbench/plugins/fr.ac6.mcu.externaltools.arm-none.win32_1.17.0.201812190825/tools/compiler/bin/../lib/gcc/arm-none-eabi/7.3.1/../../../../arm-none-eabi/lib/thumb/v7-m\libc_nano.a(lib_a-memmove.o)
                0x08004786                memmove
 .text._free_r  0x080047b8       0x98 d:/soft/systemworkbench/plugins/fr.ac6.mcu.externaltools.arm-none.win32_1.17.0.201812190825/tools/compiler/bin/../lib/gcc/arm-none-eabi/7.3.1/../../../../arm-none-eabi/lib/thumb/v7-m\libc_nano.a(lib_a-nano-freer.o)
                0x080047b8                _free_r
 .text._malloc_r
                0x08004850       0xb4 d:/soft/systemworkbench/plugins/fr.ac6.mcu.externaltools.arm-none.win32_1.17.0.201812190825/tools/compiler/bin/../lib/gcc/arm-none-eabi/7.3.1/../../../../arm-none-eabi/lib/thumb/v7-m\libc_nano.a(lib_a-nano-mallocr.o)
                0x08004850                _malloc_r
 .text._realloc_r
                0x08004904       0x4c d:/soft/systemworkbench/plugins/fr.ac6.mcu.externaltools.arm-none.win32_1.17.0.201812190825/tools/compiler/bin/../lib/gcc/arm-none-eabi/7.3.1/../../../../arm-none-eabi/lib/thumb/v7-m\libc_nano.a(lib_a-nano-reallocr.o)
                0x08004904                _realloc_r
 .text._sbrk_r  0x08004950       0x20 d:/soft/systemworkbench/plugins/fr.ac6.mcu.externaltools.arm-none.win32_1.17.0.201812190825/tools/compiler/bin/../lib/gcc/arm-none-eabi/7.3.1/../../../../arm-none-eabi/lib/thumb/v7-m\libc_nano.a(lib_a-sbrkr.o)
                0x08004950                _sbrk_r
 .text.__malloc_lock
                0x08004970        0x2 d:/soft/systemworkbench/plugins/fr.ac6.mcu.externaltools.arm-none.win32_1.17.0.201812190825/tools/compiler/bin/../lib/gcc/arm-none-eabi/7.3.1/../../../../arm-none-eabi/lib/thumb/v7-m\libc_nano.a(lib_a-mlock.o)
                0x08004970                __malloc_lock
 .text.__malloc_unlock
                0x08004972        0x2 d:/soft/systemworkbench/plugins/fr.ac6.mcu.externaltools.arm-none.win32_1.17.0.201812190825/tools/compiler/bin/../lib/gcc/arm-none-eabi/7.3.1/../../../../arm-none-eabi/lib/thumb/v7-m\libc_nano.a(lib_a-mlock.o)
                0x08004972                __malloc_unlock
 .text._malloc_usable_size_r
                0x08004974       0x10 d:/soft/systemworkbench/plugins/fr.ac6.mcu.externaltools.arm-none.win32_1.17.0.201812190825/tools/compiler/bin/../lib/gcc/arm-none-eabi/7.3.1/../../../../arm-none-eabi/lib/thumb/v7-m\libc_nano.a(lib_a-nano-msizer.o)
                0x08004974                _malloc_usable_size_r
 *(.glue_7)
 .glue_7        0x08004984        0x0 linker stubs
 *(.glue_7t)
 .glue_7t       0x08004984        0x0 linker stubs
 *(.eh_frame)
 .eh_frame      0x08004984        0x0 d:/soft/systemworkbench/plugins/fr.ac6.mcu.externaltools.arm-none.win32_1.17.0.201812190825/tools/compiler/bin/../lib/gcc/arm-none-eabi/7.3.1/thumb/v7-m/crtbegin.o
 *(.init)
 .init          0x08004984        0x4 d:/soft/systemworkbench/plugins/fr.ac6.mcu.externaltools.arm-none.win32_1.17.0.201812190825/tools/compiler/bin/../lib/gcc/arm-none-eabi/7.3.1/thumb/v7-m/crti.o
                0x08004984                _init
 .init          0x08004988        0x8 d:/soft/systemworkbench/plugins/fr.ac6.mcu.externaltools.arm-none.win32_1.17.0.201812190825/tools/compiler/bin/../lib/gcc/arm-none-eabi/7.3.1/thumb/v7-m/crtn.o
 *(.fini)
 .fini          0x08004990        0x4 d:/soft/systemworkbench/plugins/fr.ac6.mcu.externaltools.arm-none.win32_1.17.0.201812190825/tools/compiler/bin/../lib/gcc/arm-none-eabi/7.3.1/thumb/v7-m/crti.o
                0x08004990                _fini
 .fini          0x08004994        0x8 d:/soft/systemworkbench/plugins/fr.ac6.mcu.externaltools.arm-none.win32_1.17.0.201812190825/tools/compiler/bin/../lib/gcc/arm-none-eabi/7.3.1/thumb/v7-m/crtn.o
                0x0800499c                . = ALIGN (0x4)
                0x0800499c                _etext = .

.vfp11_veneer   0x0800499c        0x0
 .vfp11_veneer  0x0800499c        0x0 linker stubs

.v4_bx          0x0800499c        0x0
 .v4_bx         0x0800499c        0x0 linker stubs

.iplt           0x0800499c        0x0
 .iplt          0x0800499c        0x0 d:/soft/systemworkbench/plugins/fr.ac6.mcu.externaltools.arm-none.win32_1.17.0.201812190825/tools/compiler/bin/../lib/gcc/arm-none-eabi/7.3.1/thumb/v7-m/crtbegin.o

.rodata         0x0800499c      0x3cc
                0x0800499c                . = ALIGN (0x4)
 *(.rodata)
 .rodata        0x0800499c       0x12 Drivers/STM32F1xx_HAL_Driver/Src/stm32f1xx_hal_rcc.o
 *fill*         0x080049ae        0x2 
 .rodata        0x080049b0        0x2 Src/enc28j60.o
 *fill*         0x080049b2        0x2 
 .rodata        0x080049b4       0x40 Src/main.o
 .rodata        0x080049f4       0x18 Src/system_stm32f1xx.o
                0x080049f4                AHBPrescTable
                0x08004a04                APBPrescTable
 *(.rodata*)
 .rodata.str1.4
                0x08004a0c        0x5 Middlewares/Third_Party/FreeRTOS/Source/tasks.o
 *fill*         0x08004a11        0x3 
 .rodata.str1.4
                0x08004a14       0x9c Src/arp.o
 .rodata.str1.4
                0x08004ab0       0x24 Src/main.o
 .rodata.str1.4
                0x08004ad4       0x7a Src/net.o
                                 0x7f (size before relaxing)
 *fill*         0x08004b4e        0x2 
 .rodata.str1.4
                0x08004b50       0xd8 Src/udp.o
                                 0xdb (size before relaxing)
 .rodata._setlocale_r.str1.1
                0x08004c28        0x8 d:/soft/systemworkbench/plugins/fr.ac6.mcu.externaltools.arm-none.win32_1.17.0.201812190825/tools/compiler/bin/../lib/gcc/arm-none-eabi/7.3.1/../../../../arm-none-eabi/lib/thumb/v7-m\libc_nano.a(lib_a-locale.o)
                                  0x9 (size before relaxing)
 .rodata.str1.1
                0x08004c30        0x2 d:/soft/systemworkbench/plugins/fr.ac6.mcu.externaltools.arm-none.win32_1.17.0.201812190825/tools/compiler/bin/../lib/gcc/arm-none-eabi/7.3.1/../../../../arm-none-eabi/lib/thumb/v7-m\libc_nano.a(lib_a-locale.o)
 .rodata._svfprintf_r.str1.1
                0x08004c32       0x11 d:/soft/systemworkbench/plugins/fr.ac6.mcu.externaltools.arm-none.win32_1.17.0.201812190825/tools/compiler/bin/../lib/gcc/arm-none-eabi/7.3.1/../../../../arm-none-eabi/lib/thumb/v7-m\libc_nano.a(lib_a-nano-svfprintf.o)
 .rodata._printf_i.str1.1
                0x08004c43       0x22 d:/soft/systemworkbench/plugins/fr.ac6.mcu.externaltools.arm-none.win32_1.17.0.201812190825/tools/compiler/bin/../lib/gcc/arm-none-eabi/7.3.1/../../../../arm-none-eabi/lib/thumb/v7-m\libc_nano.a(lib_a-nano-vfprintf_i.o)
 .rodata._ctype_
                0x08004c65      0x101 d:/soft/systemworkbench/plugins/fr.ac6.mcu.externaltools.arm-none.win32_1.17.0.201812190825/tools/compiler/bin/../lib/gcc/arm-none-eabi/7.3.1/../../../../arm-none-eabi/lib/thumb/v7-m\libc_nano.a(lib_a-ctype_.o)
                0x08004c65                _ctype_
                0x08004d68                . = ALIGN (0x4)
 *fill*         0x08004d66        0x2 

.rel.dyn        0x08004d68        0x0
 .rel.iplt      0x08004d68        0x0 d:/soft/systemworkbench/plugins/fr.ac6.mcu.externaltools.arm-none.win32_1.17.0.201812190825/tools/compiler/bin/../lib/gcc/arm-none-eabi/7.3.1/thumb/v7-m/crtbegin.o

.ARM.extab
 *(.ARM.extab* .gnu.linkonce.armextab.*)

.ARM            0x08004d68        0x0
                0x08004d68                __exidx_start = .
 *(.ARM.exidx*)
                0x08004d68                __exidx_end = .

.preinit_array  0x08004d68        0x0
                0x08004d68                PROVIDE (__preinit_array_start = .)
 *(.preinit_array*)
                0x08004d68                PROVIDE (__preinit_array_end = .)

.init_array     0x08004d68        0x4
                0x08004d68                PROVIDE (__init_array_start = .)
 *(SORT_BY_NAME(.init_array.*))
 *(.init_array*)
 .init_array    0x08004d68        0x4 d:/soft/systemworkbench/plugins/fr.ac6.mcu.externaltools.arm-none.win32_1.17.0.201812190825/tools/compiler/bin/../lib/gcc/arm-none-eabi/7.3.1/thumb/v7-m/crtbegin.o
                0x08004d6c                PROVIDE (__init_array_end = .)

.fini_array     0x08004d6c        0x4
                [!provide]                PROVIDE (__fini_array_start = .)
 *(SORT_BY_NAME(.fini_array.*))
 *(.fini_array*)
 .fini_array    0x08004d6c        0x4 d:/soft/systemworkbench/plugins/fr.ac6.mcu.externaltools.arm-none.win32_1.17.0.201812190825/tools/compiler/bin/../lib/gcc/arm-none-eabi/7.3.1/thumb/v7-m/crtbegin.o
                [!provide]                PROVIDE (__fini_array_end = .)
                0x08004d70                _sidata = LOADADDR (.data)

.data           0x20000000      0x1f4 load address 0x08004d70
                0x20000000                . = ALIGN (0x4)
                0x20000000                _sdata = .
 *(.data)
 .data          0x20000000        0x8 Drivers/STM32F1xx_HAL_Driver/Src/stm32f1xx_hal.o
                0x20000000                uwTickFreq
                0x20000004                uwTickPrio
 .data          0x20000008        0x4 Middlewares/Third_Party/FreeRTOS/Source/portable/GCC/ARM_CM3/port.o
 .data          0x2000000c        0x6 Src/arp.o
                0x2000000c                macbroadcast
 *fill*         0x20000012        0x2 
 .data          0x20000014        0x6 Src/enc28j60.o
                0x20000014                macaddr
 *fill*         0x2000001a        0x2 
 .data          0x2000001c        0x4 Src/net.o
                0x2000001c                ipaddr
 .data          0x20000020        0x4 Src/system_stm32f1xx.o
                0x20000020                SystemCoreClock
 *(.data*)
 .data._impure_ptr
                0x20000024        0x4 d:/soft/systemworkbench/plugins/fr.ac6.mcu.externaltools.arm-none.win32_1.17.0.201812190825/tools/compiler/bin/../lib/gcc/arm-none-eabi/7.3.1/../../../../arm-none-eabi/lib/thumb/v7-m\libc_nano.a(lib_a-impure.o)
                0x20000024                _impure_ptr
 .data.impure_data
                0x20000028       0x60 d:/soft/systemworkbench/plugins/fr.ac6.mcu.externaltools.arm-none.win32_1.17.0.201812190825/tools/compiler/bin/../lib/gcc/arm-none-eabi/7.3.1/../../../../arm-none-eabi/lib/thumb/v7-m\libc_nano.a(lib_a-impure.o)
 .data.__global_locale
                0x20000088      0x16c d:/soft/systemworkbench/plugins/fr.ac6.mcu.externaltools.arm-none.win32_1.17.0.201812190825/tools/compiler/bin/../lib/gcc/arm-none-eabi/7.3.1/../../../../arm-none-eabi/lib/thumb/v7-m\libc_nano.a(lib_a-locale.o)
                0x20000088                __global_locale
                0x200001f4                . = ALIGN (0x4)
                0x200001f4                _edata = .

.igot.plt       0x200001f4        0x0 load address 0x08004f64
 .igot.plt      0x200001f4        0x0 d:/soft/systemworkbench/plugins/fr.ac6.mcu.externaltools.arm-none.win32_1.17.0.201812190825/tools/compiler/bin/../lib/gcc/arm-none-eabi/7.3.1/thumb/v7-m/crtbegin.o
                0x200001f4                . = ALIGN (0x4)

.bss            0x200001f4     0x11e0 load address 0x08004f64
                0x200001f4                _sbss = .
                0x200001f4                __bss_start__ = _sbss
 *(.bss)
 .bss           0x200001f4       0x1c d:/soft/systemworkbench/plugins/fr.ac6.mcu.externaltools.arm-none.win32_1.17.0.201812190825/tools/compiler/bin/../lib/gcc/arm-none-eabi/7.3.1/thumb/v7-m/crtbegin.o
 .bss           0x20000210      0x12c Middlewares/Third_Party/FreeRTOS/Source/tasks.o
                0x20000310                pxCurrentTCB
 .bss           0x2000033c        0x8 Middlewares/Third_Party/FreeRTOS/Source/portable/GCC/ARM_CM3/port.o
 .bss           0x20000344      0xc18 Middlewares/Third_Party/FreeRTOS/Source/portable/MemMang/heap_4.o
 .bss           0x20000f5c        0x7 Src/arp.o
                0x20000f5c                macnull
                0x20000f62                current_arp_index
 *fill*         0x20000f63        0x1 
 .bss           0x20000f64        0x8 Src/enc28j60.o
 .bss           0x20000f6c       0x40 Src/net.o
                0x20000f6c                str1
                0x20000fa8                clock_cnt
 .bss           0x20000fac        0x8 Src/syscalls.o
                0x20000fb0                __env
 *(.bss*)
 .bss.__malloc_free_list
                0x20000fb4        0x4 d:/soft/systemworkbench/plugins/fr.ac6.mcu.externaltools.arm-none.win32_1.17.0.201812190825/tools/compiler/bin/../lib/gcc/arm-none-eabi/7.3.1/../../../../arm-none-eabi/lib/thumb/v7-m\libc_nano.a(lib_a-nano-mallocr.o)
                0x20000fb4                __malloc_free_list
 .bss.__malloc_sbrk_start
                0x20000fb8        0x4 d:/soft/systemworkbench/plugins/fr.ac6.mcu.externaltools.arm-none.win32_1.17.0.201812190825/tools/compiler/bin/../lib/gcc/arm-none-eabi/7.3.1/../../../../arm-none-eabi/lib/thumb/v7-m\libc_nano.a(lib_a-nano-mallocr.o)
                0x20000fb8                __malloc_sbrk_start
 *(COMMON)
 COMMON         0x20000fbc        0x4 Drivers/STM32F1xx_HAL_Driver/Src/stm32f1xx_hal.o
                0x20000fbc                uwTick
 COMMON         0x20000fc0       0x50 Src/arp.o
                0x20000fc0                arp_rec
 COMMON         0x20001010      0x164 Src/main.o
                0x20001010                defaultTaskHandle
                0x20001014                htim4
                0x20001054                hi2c1
                0x200010a8                hadc1
                0x200010d8                huart1
                0x20001118                BuzzerTaskHandle
                0x2000111c                hspi1
 COMMON         0x20001174      0x21c Src/net.o
                0x20001174                usartprop
                0x20001190                net_buf
 COMMON         0x20001390       0x40 Src/stm32f1xx_hal_timebase_tim.o
                0x20001390                htim1
 COMMON         0x200013d0        0x4 d:/soft/systemworkbench/plugins/fr.ac6.mcu.externaltools.arm-none.win32_1.17.0.201812190825/tools/compiler/bin/../lib/gcc/arm-none-eabi/7.3.1/../../../../arm-none-eabi/lib/thumb/v7-m\libc_nano.a(lib_a-reent.o)
                0x200013d0                errno
                0x200013d4                . = ALIGN (0x4)
                0x200013d4                _ebss = .
                0x200013d4                __bss_end__ = _ebss

._user_heap_stack
                0x200013d4      0x604 load address 0x08004f64
                0x200013d8                . = ALIGN (0x8)
 *fill*         0x200013d4        0x4 
                0x200013d8                PROVIDE (end = .)
                [!provide]                PROVIDE (_end = .)
                0x200015d8                . = (. + _Min_Heap_Size)
 *fill*         0x200013d8      0x200 
                0x200019d8                . = (. + _Min_Stack_Size)
 *fill*         0x200015d8      0x400 
                0x200019d8                . = ALIGN (0x8)

/DISCARD/
 libc.a(*)
 libm.a(*)
 libgcc.a(*)

.ARM.attributes
                0x00000000       0x29
 *(.ARM.attributes)
 .ARM.attributes
                0x00000000       0x1d d:/soft/systemworkbench/plugins/fr.ac6.mcu.externaltools.arm-none.win32_1.17.0.201812190825/tools/compiler/bin/../lib/gcc/arm-none-eabi/7.3.1/thumb/v7-m/crti.o
 .ARM.attributes
                0x0000001d       0x2d d:/soft/systemworkbench/plugins/fr.ac6.mcu.externaltools.arm-none.win32_1.17.0.201812190825/tools/compiler/bin/../lib/gcc/arm-none-eabi/7.3.1/thumb/v7-m/crtbegin.o
 .ARM.attributes
                0x0000004a       0x33 Drivers/STM32F1xx_HAL_Driver/Src/stm32f1xx_hal.o
 .ARM.attributes
                0x0000007d       0x33 Drivers/STM32F1xx_HAL_Driver/Src/stm32f1xx_hal_adc.o
 .ARM.attributes
                0x000000b0       0x33 Drivers/STM32F1xx_HAL_Driver/Src/stm32f1xx_hal_cortex.o
 .ARM.attributes
                0x000000e3       0x33 Drivers/STM32F1xx_HAL_Driver/Src/stm32f1xx_hal_gpio.o
 .ARM.attributes
                0x00000116       0x33 Drivers/STM32F1xx_HAL_Driver/Src/stm32f1xx_hal_i2c.o
 .ARM.attributes
                0x00000149       0x33 Drivers/STM32F1xx_HAL_Driver/Src/stm32f1xx_hal_rcc.o
 .ARM.attributes
                0x0000017c       0x33 Drivers/STM32F1xx_HAL_Driver/Src/stm32f1xx_hal_rcc_ex.o
 .ARM.attributes
                0x000001af       0x33 Drivers/STM32F1xx_HAL_Driver/Src/stm32f1xx_hal_spi.o
 .ARM.attributes
                0x000001e2       0x33 Drivers/STM32F1xx_HAL_Driver/Src/stm32f1xx_hal_spi_ex.o
 .ARM.attributes
                0x00000215       0x33 Drivers/STM32F1xx_HAL_Driver/Src/stm32f1xx_hal_tim.o
 .ARM.attributes
                0x00000248       0x33 Drivers/STM32F1xx_HAL_Driver/Src/stm32f1xx_hal_tim_ex.o
 .ARM.attributes
                0x0000027b       0x33 Drivers/STM32F1xx_HAL_Driver/Src/stm32f1xx_hal_uart.o
 .ARM.attributes
                0x000002ae       0x33 Middlewares/Third_Party/FreeRTOS/Source/CMSIS_RTOS/cmsis_os.o
 .ARM.attributes
                0x000002e1       0x33 Middlewares/Third_Party/FreeRTOS/Source/list.o
 .ARM.attributes
                0x00000314       0x33 Middlewares/Third_Party/FreeRTOS/Source/tasks.o
 .ARM.attributes
                0x00000347       0x33 Middlewares/Third_Party/FreeRTOS/Source/portable/GCC/ARM_CM3/port.o
 .ARM.attributes
                0x0000037a       0x33 Middlewares/Third_Party/FreeRTOS/Source/portable/MemMang/heap_4.o
 .ARM.attributes
                0x000003ad       0x33 Src/arp.o
 .ARM.attributes
                0x000003e0       0x33 Src/enc28j60.o
 .ARM.attributes
                0x00000413       0x33 Src/main.o
 .ARM.attributes
                0x00000446       0x33 Src/net.o
 .ARM.attributes
                0x00000479       0x33 Src/stm32f1xx_hal_msp.o
 .ARM.attributes
                0x000004ac       0x33 Src/stm32f1xx_hal_timebase_tim.o
 .ARM.attributes
                0x000004df       0x33 Src/stm32f1xx_it.o
 .ARM.attributes
                0x00000512       0x33 Src/syscalls.o
 .ARM.attributes
                0x00000545       0x33 Src/system_stm32f1xx.o
 .ARM.attributes
                0x00000578       0x33 Src/udp.o
 .ARM.attributes
                0x000005ab       0x21 startup/startup_stm32f103xb.o
 .ARM.attributes
                0x000005cc       0x2d d:/soft/systemworkbench/plugins/fr.ac6.mcu.externaltools.arm-none.win32_1.17.0.201812190825/tools/compiler/bin/../lib/gcc/arm-none-eabi/7.3.1/../../../../arm-none-eabi/lib/thumb/v7-m\libc_nano.a(lib_a-atoi.o)
 .ARM.attributes
                0x000005f9       0x2d d:/soft/systemworkbench/plugins/fr.ac6.mcu.externaltools.arm-none.win32_1.17.0.201812190825/tools/compiler/bin/../lib/gcc/arm-none-eabi/7.3.1/../../../../arm-none-eabi/lib/thumb/v7-m\libc_nano.a(lib_a-errno.o)
 .ARM.attributes
                0x00000626       0x2d d:/soft/systemworkbench/plugins/fr.ac6.mcu.externaltools.arm-none.win32_1.17.0.201812190825/tools/compiler/bin/../lib/gcc/arm-none-eabi/7.3.1/../../../../arm-none-eabi/lib/thumb/v7-m\libc_nano.a(lib_a-impure.o)
 .ARM.attributes
                0x00000653       0x2d d:/soft/systemworkbench/plugins/fr.ac6.mcu.externaltools.arm-none.win32_1.17.0.201812190825/tools/compiler/bin/../lib/gcc/arm-none-eabi/7.3.1/../../../../arm-none-eabi/lib/thumb/v7-m\libc_nano.a(lib_a-init.o)
 .ARM.attributes
                0x00000680       0x2d d:/soft/systemworkbench/plugins/fr.ac6.mcu.externaltools.arm-none.win32_1.17.0.201812190825/tools/compiler/bin/../lib/gcc/arm-none-eabi/7.3.1/../../../../arm-none-eabi/lib/thumb/v7-m\libc_nano.a(lib_a-memcmp.o)
 .ARM.attributes
                0x000006ad       0x2d d:/soft/systemworkbench/plugins/fr.ac6.mcu.externaltools.arm-none.win32_1.17.0.201812190825/tools/compiler/bin/../lib/gcc/arm-none-eabi/7.3.1/../../../../arm-none-eabi/lib/thumb/v7-m\libc_nano.a(lib_a-memcpy-stub.o)
 .ARM.attributes
                0x000006da       0x2d d:/soft/systemworkbench/plugins/fr.ac6.mcu.externaltools.arm-none.win32_1.17.0.201812190825/tools/compiler/bin/../lib/gcc/arm-none-eabi/7.3.1/../../../../arm-none-eabi/lib/thumb/v7-m\libc_nano.a(lib_a-memset.o)
 .ARM.attributes
                0x00000707       0x2d d:/soft/systemworkbench/plugins/fr.ac6.mcu.externaltools.arm-none.win32_1.17.0.201812190825/tools/compiler/bin/../lib/gcc/arm-none-eabi/7.3.1/../../../../arm-none-eabi/lib/thumb/v7-m\libc_nano.a(lib_a-sprintf.o)
 .ARM.attributes
                0x00000734       0x2d d:/soft/systemworkbench/plugins/fr.ac6.mcu.externaltools.arm-none.win32_1.17.0.201812190825/tools/compiler/bin/../lib/gcc/arm-none-eabi/7.3.1/../../../../arm-none-eabi/lib/thumb/v7-m\libc_nano.a(lib_a-strchr.o)
 .ARM.attributes
                0x00000761       0x17 d:/soft/systemworkbench/plugins/fr.ac6.mcu.externaltools.arm-none.win32_1.17.0.201812190825/tools/compiler/bin/../lib/gcc/arm-none-eabi/7.3.1/../../../../arm-none-eabi/lib/thumb/v7-m\libc_nano.a(lib_a-strlen.o)
 .ARM.attributes
                0x00000778       0x2d d:/soft/systemworkbench/plugins/fr.ac6.mcu.externaltools.arm-none.win32_1.17.0.201812190825/tools/compiler/bin/../lib/gcc/arm-none-eabi/7.3.1/../../../../arm-none-eabi/lib/thumb/v7-m\libc_nano.a(lib_a-strncpy.o)
 .ARM.attributes
                0x000007a5       0x2d d:/soft/systemworkbench/plugins/fr.ac6.mcu.externaltools.arm-none.win32_1.17.0.201812190825/tools/compiler/bin/../lib/gcc/arm-none-eabi/7.3.1/../../../../arm-none-eabi/lib/thumb/v7-m\libc_nano.a(lib_a-strtol.o)
 .ARM.attributes
                0x000007d2       0x2d d:/soft/systemworkbench/plugins/fr.ac6.mcu.externaltools.arm-none.win32_1.17.0.201812190825/tools/compiler/bin/../lib/gcc/arm-none-eabi/7.3.1/../../../../arm-none-eabi/lib/thumb/v7-m\libc_nano.a(lib_a-locale.o)
 .ARM.attributes
                0x000007ff       0x2d d:/soft/systemworkbench/plugins/fr.ac6.mcu.externaltools.arm-none.win32_1.17.0.201812190825/tools/compiler/bin/../lib/gcc/arm-none-eabi/7.3.1/../../../../arm-none-eabi/lib/thumb/v7-m\libc_nano.a(lib_a-mbtowc_r.o)
 .ARM.attributes
                0x0000082c       0x2d d:/soft/systemworkbench/plugins/fr.ac6.mcu.externaltools.arm-none.win32_1.17.0.201812190825/tools/compiler/bin/../lib/gcc/arm-none-eabi/7.3.1/../../../../arm-none-eabi/lib/thumb/v7-m\libc_nano.a(lib_a-nano-svfprintf.o)
 .ARM.attributes
                0x00000859       0x2d d:/soft/systemworkbench/plugins/fr.ac6.mcu.externaltools.arm-none.win32_1.17.0.201812190825/tools/compiler/bin/../lib/gcc/arm-none-eabi/7.3.1/../../../../arm-none-eabi/lib/thumb/v7-m\libc_nano.a(lib_a-nano-vfprintf_i.o)
 .ARM.attributes
                0x00000886       0x2d d:/soft/systemworkbench/plugins/fr.ac6.mcu.externaltools.arm-none.win32_1.17.0.201812190825/tools/compiler/bin/../lib/gcc/arm-none-eabi/7.3.1/../../../../arm-none-eabi/lib/thumb/v7-m\libc_nano.a(lib_a-wctomb_r.o)
 .ARM.attributes
                0x000008b3       0x2d d:/soft/systemworkbench/plugins/fr.ac6.mcu.externaltools.arm-none.win32_1.17.0.201812190825/tools/compiler/bin/../lib/gcc/arm-none-eabi/7.3.1/../../../../arm-none-eabi/lib/thumb/v7-m\libc_nano.a(lib_a-ctype_.o)
 .ARM.attributes
                0x000008e0       0x2d d:/soft/systemworkbench/plugins/fr.ac6.mcu.externaltools.arm-none.win32_1.17.0.201812190825/tools/compiler/bin/../lib/gcc/arm-none-eabi/7.3.1/../../../../arm-none-eabi/lib/thumb/v7-m\libc_nano.a(lib_a-memchr-stub.o)
 .ARM.attributes
                0x0000090d       0x2d d:/soft/systemworkbench/plugins/fr.ac6.mcu.externaltools.arm-none.win32_1.17.0.201812190825/tools/compiler/bin/../lib/gcc/arm-none-eabi/7.3.1/../../../../arm-none-eabi/lib/thumb/v7-m\libc_nano.a(lib_a-memmove.o)
 .ARM.attributes
                0x0000093a       0x2d d:/soft/systemworkbench/plugins/fr.ac6.mcu.externaltools.arm-none.win32_1.17.0.201812190825/tools/compiler/bin/../lib/gcc/arm-none-eabi/7.3.1/../../../../arm-none-eabi/lib/thumb/v7-m\libc_nano.a(lib_a-nano-freer.o)
 .ARM.attributes
                0x00000967       0x2d d:/soft/systemworkbench/plugins/fr.ac6.mcu.externaltools.arm-none.win32_1.17.0.201812190825/tools/compiler/bin/../lib/gcc/arm-none-eabi/7.3.1/../../../../arm-none-eabi/lib/thumb/v7-m\libc_nano.a(lib_a-nano-mallocr.o)
 .ARM.attributes
                0x00000994       0x2d d:/soft/systemworkbench/plugins/fr.ac6.mcu.externaltools.arm-none.win32_1.17.0.201812190825/tools/compiler/bin/../lib/gcc/arm-none-eabi/7.3.1/../../../../arm-none-eabi/lib/thumb/v7-m\libc_nano.a(lib_a-nano-reallocr.o)
 .ARM.attributes
                0x000009c1       0x2d d:/soft/systemworkbench/plugins/fr.ac6.mcu.externaltools.arm-none.win32_1.17.0.201812190825/tools/compiler/bin/../lib/gcc/arm-none-eabi/7.3.1/../../../../arm-none-eabi/lib/thumb/v7-m\libc_nano.a(lib_a-sbrkr.o)
 .ARM.attributes
                0x000009ee       0x2d d:/soft/systemworkbench/plugins/fr.ac6.mcu.externaltools.arm-none.win32_1.17.0.201812190825/tools/compiler/bin/../lib/gcc/arm-none-eabi/7.3.1/../../../../arm-none-eabi/lib/thumb/v7-m\libc_nano.a(lib_a-mlock.o)
 .ARM.attributes
                0x00000a1b       0x2d d:/soft/systemworkbench/plugins/fr.ac6.mcu.externaltools.arm-none.win32_1.17.0.201812190825/tools/compiler/bin/../lib/gcc/arm-none-eabi/7.3.1/../../../../arm-none-eabi/lib/thumb/v7-m\libc_nano.a(lib_a-nano-msizer.o)
 .ARM.attributes
                0x00000a48       0x2d d:/soft/systemworkbench/plugins/fr.ac6.mcu.externaltools.arm-none.win32_1.17.0.201812190825/tools/compiler/bin/../lib/gcc/arm-none-eabi/7.3.1/../../../../arm-none-eabi/lib/thumb/v7-m\libc_nano.a(lib_a-reent.o)
 .ARM.attributes
                0x00000a75       0x1d d:/soft/systemworkbench/plugins/fr.ac6.mcu.externaltools.arm-none.win32_1.17.0.201812190825/tools/compiler/bin/../lib/gcc/arm-none-eabi/7.3.1/thumb/v7-m/crtn.o
OUTPUT(weatherware.elf elf32-littlearm)

.debug_info     0x00000000    0x283ed
 .debug_info    0x00000000      0xfb4 Drivers/STM32F1xx_HAL_Driver/Src/stm32f1xx_hal.o
 .debug_info    0x00000fb4     0x1671 Drivers/STM32F1xx_HAL_Driver/Src/stm32f1xx_hal_adc.o
 .debug_info    0x00002625     0x14bc Drivers/STM32F1xx_HAL_Driver/Src/stm32f1xx_hal_cortex.o
 .debug_info    0x00003ae1      0xece Drivers/STM32F1xx_HAL_Driver/Src/stm32f1xx_hal_gpio.o
 .debug_info    0x000049af     0x37e1 Drivers/STM32F1xx_HAL_Driver/Src/stm32f1xx_hal_i2c.o
 .debug_info    0x00008190     0x1236 Drivers/STM32F1xx_HAL_Driver/Src/stm32f1xx_hal_rcc.o
 .debug_info    0x000093c6      0xcae Drivers/STM32F1xx_HAL_Driver/Src/stm32f1xx_hal_rcc_ex.o
 .debug_info    0x0000a074     0x2194 Drivers/STM32F1xx_HAL_Driver/Src/stm32f1xx_hal_spi.o
 .debug_info    0x0000c208      0xe6c Drivers/STM32F1xx_HAL_Driver/Src/stm32f1xx_hal_spi_ex.o
 .debug_info    0x0000d074     0x36a7 Drivers/STM32F1xx_HAL_Driver/Src/stm32f1xx_hal_tim.o
 .debug_info    0x0001071b     0x1aef Drivers/STM32F1xx_HAL_Driver/Src/stm32f1xx_hal_tim_ex.o
 .debug_info    0x0001220a     0x1ec2 Drivers/STM32F1xx_HAL_Driver/Src/stm32f1xx_hal_uart.o
 .debug_info    0x000140cc     0x231e Middlewares/Third_Party/FreeRTOS/Source/CMSIS_RTOS/cmsis_os.o
 .debug_info    0x000163ea      0xacd Middlewares/Third_Party/FreeRTOS/Source/list.o
 .debug_info    0x00016eb7     0x2915 Middlewares/Third_Party/FreeRTOS/Source/tasks.o
 .debug_info    0x000197cc      0x4cb Middlewares/Third_Party/FreeRTOS/Source/portable/GCC/ARM_CM3/port.o
 .debug_info    0x00019c97      0xc71 Middlewares/Third_Party/FreeRTOS/Source/portable/MemMang/heap_4.o
 .debug_info    0x0001a908     0x1386 Src/arp.o
 .debug_info    0x0001bc8e     0x1ba4 Src/enc28j60.o
 .debug_info    0x0001d832     0x24d1 Src/main.o
 .debug_info    0x0001fd03     0x1895 Src/net.o
 .debug_info    0x00021598     0x1e83 Src/stm32f1xx_hal_msp.o
 .debug_info    0x0002341b     0x11da Src/stm32f1xx_hal_timebase_tim.o
 .debug_info    0x000245f5      0xee5 Src/stm32f1xx_it.o
 .debug_info    0x000254da      0xfd3 Src/syscalls.o
 .debug_info    0x000264ad      0xc5c Src/system_stm32f1xx.o
 .debug_info    0x00027109     0x12c2 Src/udp.o
 .debug_info    0x000283cb       0x22 startup/startup_stm32f103xb.o

.debug_abbrev   0x00000000     0x4d73
 .debug_abbrev  0x00000000      0x301 Drivers/STM32F1xx_HAL_Driver/Src/stm32f1xx_hal.o
 .debug_abbrev  0x00000301      0x288 Drivers/STM32F1xx_HAL_Driver/Src/stm32f1xx_hal_adc.o
 .debug_abbrev  0x00000589      0x3cd Drivers/STM32F1xx_HAL_Driver/Src/stm32f1xx_hal_cortex.o
 .debug_abbrev  0x00000956      0x2a7 Drivers/STM32F1xx_HAL_Driver/Src/stm32f1xx_hal_gpio.o
 .debug_abbrev  0x00000bfd      0x308 Drivers/STM32F1xx_HAL_Driver/Src/stm32f1xx_hal_i2c.o
 .debug_abbrev  0x00000f05      0x335 Drivers/STM32F1xx_HAL_Driver/Src/stm32f1xx_hal_rcc.o
 .debug_abbrev  0x0000123a      0x2b4 Drivers/STM32F1xx_HAL_Driver/Src/stm32f1xx_hal_rcc_ex.o
 .debug_abbrev  0x000014ee      0x2e1 Drivers/STM32F1xx_HAL_Driver/Src/stm32f1xx_hal_spi.o
 .debug_abbrev  0x000017cf      0x209 Drivers/STM32F1xx_HAL_Driver/Src/stm32f1xx_hal_spi_ex.o
 .debug_abbrev  0x000019d8      0x2ef Drivers/STM32F1xx_HAL_Driver/Src/stm32f1xx_hal_tim.o
 .debug_abbrev  0x00001cc7      0x2e0 Drivers/STM32F1xx_HAL_Driver/Src/stm32f1xx_hal_tim_ex.o
 .debug_abbrev  0x00001fa7      0x308 Drivers/STM32F1xx_HAL_Driver/Src/stm32f1xx_hal_uart.o
 .debug_abbrev  0x000022af      0x3d4 Middlewares/Third_Party/FreeRTOS/Source/CMSIS_RTOS/cmsis_os.o
 .debug_abbrev  0x00002683      0x21c Middlewares/Third_Party/FreeRTOS/Source/list.o
 .debug_abbrev  0x0000289f      0x3cf Middlewares/Third_Party/FreeRTOS/Source/tasks.o
 .debug_abbrev  0x00002c6e      0x24e Middlewares/Third_Party/FreeRTOS/Source/portable/GCC/ARM_CM3/port.o
 .debug_abbrev  0x00002ebc      0x318 Middlewares/Third_Party/FreeRTOS/Source/portable/MemMang/heap_4.o
 .debug_abbrev  0x000031d4      0x2b1 Src/arp.o
 .debug_abbrev  0x00003485      0x329 Src/enc28j60.o
 .debug_abbrev  0x000037ae      0x371 Src/main.o
 .debug_abbrev  0x00003b1f      0x309 Src/net.o
 .debug_abbrev  0x00003e28      0x2c4 Src/stm32f1xx_hal_msp.o
 .debug_abbrev  0x000040ec      0x299 Src/stm32f1xx_hal_timebase_tim.o
 .debug_abbrev  0x00004385      0x249 Src/stm32f1xx_it.o
 .debug_abbrev  0x000045ce      0x2d4 Src/syscalls.o
 .debug_abbrev  0x000048a2      0x228 Src/system_stm32f1xx.o
 .debug_abbrev  0x00004aca      0x297 Src/udp.o
 .debug_abbrev  0x00004d61       0x12 startup/startup_stm32f103xb.o

.debug_loc      0x00000000     0xfef0
 .debug_loc     0x00000000       0xfd Drivers/STM32F1xx_HAL_Driver/Src/stm32f1xx_hal.o
 .debug_loc     0x000000fd      0x9fa Drivers/STM32F1xx_HAL_Driver/Src/stm32f1xx_hal_adc.o
 .debug_loc     0x00000af7      0x5ad Drivers/STM32F1xx_HAL_Driver/Src/stm32f1xx_hal_cortex.o
 .debug_loc     0x000010a4      0x44e Drivers/STM32F1xx_HAL_Driver/Src/stm32f1xx_hal_gpio.o
 .debug_loc     0x000014f2     0x31db Drivers/STM32F1xx_HAL_Driver/Src/stm32f1xx_hal_i2c.o
 .debug_loc     0x000046cd      0x4f6 Drivers/STM32F1xx_HAL_Driver/Src/stm32f1xx_hal_rcc.o
 .debug_loc     0x00004bc3      0x2d0 Drivers/STM32F1xx_HAL_Driver/Src/stm32f1xx_hal_rcc_ex.o
 .debug_loc     0x00004e93     0x1958 Drivers/STM32F1xx_HAL_Driver/Src/stm32f1xx_hal_spi.o
 .debug_loc     0x000067eb       0x4d Drivers/STM32F1xx_HAL_Driver/Src/stm32f1xx_hal_spi_ex.o
 .debug_loc     0x00006838     0x367a Drivers/STM32F1xx_HAL_Driver/Src/stm32f1xx_hal_tim.o
 .debug_loc     0x00009eb2      0xf9e Drivers/STM32F1xx_HAL_Driver/Src/stm32f1xx_hal_tim_ex.o
 .debug_loc     0x0000ae50     0x1529 Drivers/STM32F1xx_HAL_Driver/Src/stm32f1xx_hal_uart.o
 .debug_loc     0x0000c379      0xee1 Middlewares/Third_Party/FreeRTOS/Source/CMSIS_RTOS/cmsis_os.o
 .debug_loc     0x0000d25a       0x70 Middlewares/Third_Party/FreeRTOS/Source/list.o
 .debug_loc     0x0000d2ca     0x11ef Middlewares/Third_Party/FreeRTOS/Source/tasks.o
 .debug_loc     0x0000e4b9       0xce Middlewares/Third_Party/FreeRTOS/Source/portable/GCC/ARM_CM3/port.o
 .debug_loc     0x0000e587      0x291 Middlewares/Third_Party/FreeRTOS/Source/portable/MemMang/heap_4.o
 .debug_loc     0x0000e818      0x319 Src/arp.o
 .debug_loc     0x0000eb31      0x3b9 Src/enc28j60.o
 .debug_loc     0x0000eeea      0x117 Src/main.o
 .debug_loc     0x0000f001      0x5ce Src/net.o
 .debug_loc     0x0000f5cf      0x23a Src/stm32f1xx_hal_msp.o
 .debug_loc     0x0000f809       0x79 Src/stm32f1xx_hal_timebase_tim.o
 .debug_loc     0x0000f882      0x3af Src/syscalls.o
 .debug_loc     0x0000fc31       0xdf Src/system_stm32f1xx.o
 .debug_loc     0x0000fd10      0x1e0 Src/udp.o

.debug_aranges  0x00000000     0x16a8
 .debug_aranges
                0x00000000       0xd0 Drivers/STM32F1xx_HAL_Driver/Src/stm32f1xx_hal.o
 .debug_aranges
                0x000000d0       0xf0 Drivers/STM32F1xx_HAL_Driver/Src/stm32f1xx_hal_adc.o
 .debug_aranges
                0x000001c0       0x90 Drivers/STM32F1xx_HAL_Driver/Src/stm32f1xx_hal_cortex.o
 .debug_aranges
                0x00000250       0x58 Drivers/STM32F1xx_HAL_Driver/Src/stm32f1xx_hal_gpio.o
 .debug_aranges
                0x000002a8      0x268 Drivers/STM32F1xx_HAL_Driver/Src/stm32f1xx_hal_i2c.o
 .debug_aranges
                0x00000510       0x90 Drivers/STM32F1xx_HAL_Driver/Src/stm32f1xx_hal_rcc.o
 .debug_aranges
                0x000005a0       0x30 Drivers/STM32F1xx_HAL_Driver/Src/stm32f1xx_hal_rcc_ex.o
 .debug_aranges
                0x000005d0      0x1d0 Drivers/STM32F1xx_HAL_Driver/Src/stm32f1xx_hal_spi.o
 .debug_aranges
                0x000007a0       0x20 Drivers/STM32F1xx_HAL_Driver/Src/stm32f1xx_hal_spi_ex.o
 .debug_aranges
                0x000007c0      0x368 Drivers/STM32F1xx_HAL_Driver/Src/stm32f1xx_hal_tim.o
 .debug_aranges
                0x00000b28      0x138 Drivers/STM32F1xx_HAL_Driver/Src/stm32f1xx_hal_tim_ex.o
 .debug_aranges
                0x00000c60      0x1d0 Drivers/STM32F1xx_HAL_Driver/Src/stm32f1xx_hal_uart.o
 .debug_aranges
                0x00000e30      0x1d8 Middlewares/Third_Party/FreeRTOS/Source/CMSIS_RTOS/cmsis_os.o
 .debug_aranges
                0x00001008       0x40 Middlewares/Third_Party/FreeRTOS/Source/list.o
 .debug_aranges
                0x00001048      0x190 Middlewares/Third_Party/FreeRTOS/Source/tasks.o
 .debug_aranges
                0x000011d8       0x78 Middlewares/Third_Party/FreeRTOS/Source/portable/GCC/ARM_CM3/port.o
 .debug_aranges
                0x00001250       0x50 Middlewares/Third_Party/FreeRTOS/Source/portable/MemMang/heap_4.o
 .debug_aranges
                0x000012a0       0x38 Src/arp.o
 .debug_aranges
                0x000012d8       0x98 Src/enc28j60.o
 .debug_aranges
                0x00001370       0x88 Src/main.o
 .debug_aranges
                0x000013f8       0x80 Src/net.o
 .debug_aranges
                0x00001478       0x78 Src/stm32f1xx_hal_msp.o
 .debug_aranges
                0x000014f0       0x30 Src/stm32f1xx_hal_timebase_tim.o
 .debug_aranges
                0x00001520       0x58 Src/stm32f1xx_it.o
 .debug_aranges
                0x00001578       0xb0 Src/syscalls.o
 .debug_aranges
                0x00001628       0x28 Src/system_stm32f1xx.o
 .debug_aranges
                0x00001650       0x30 Src/udp.o
 .debug_aranges
                0x00001680       0x28 startup/startup_stm32f103xb.o

.debug_ranges   0x00000000     0x15f8
 .debug_ranges  0x00000000       0xc0 Drivers/STM32F1xx_HAL_Driver/Src/stm32f1xx_hal.o
 .debug_ranges  0x000000c0       0xe0 Drivers/STM32F1xx_HAL_Driver/Src/stm32f1xx_hal_adc.o
 .debug_ranges  0x000001a0       0xe0 Drivers/STM32F1xx_HAL_Driver/Src/stm32f1xx_hal_cortex.o
 .debug_ranges  0x00000280       0x48 Drivers/STM32F1xx_HAL_Driver/Src/stm32f1xx_hal_gpio.o
 .debug_ranges  0x000002c8      0x258 Drivers/STM32F1xx_HAL_Driver/Src/stm32f1xx_hal_i2c.o
 .debug_ranges  0x00000520       0xa0 Drivers/STM32F1xx_HAL_Driver/Src/stm32f1xx_hal_rcc.o
 .debug_ranges  0x000005c0       0x38 Drivers/STM32F1xx_HAL_Driver/Src/stm32f1xx_hal_rcc_ex.o
 .debug_ranges  0x000005f8      0x1c0 Drivers/STM32F1xx_HAL_Driver/Src/stm32f1xx_hal_spi.o
 .debug_ranges  0x000007b8       0x10 Drivers/STM32F1xx_HAL_Driver/Src/stm32f1xx_hal_spi_ex.o
 .debug_ranges  0x000007c8      0x358 Drivers/STM32F1xx_HAL_Driver/Src/stm32f1xx_hal_tim.o
 .debug_ranges  0x00000b20      0x128 Drivers/STM32F1xx_HAL_Driver/Src/stm32f1xx_hal_tim_ex.o
 .debug_ranges  0x00000c48      0x1c0 Drivers/STM32F1xx_HAL_Driver/Src/stm32f1xx_hal_uart.o
 .debug_ranges  0x00000e08      0x1c8 Middlewares/Third_Party/FreeRTOS/Source/CMSIS_RTOS/cmsis_os.o
 .debug_ranges  0x00000fd0       0x30 Middlewares/Third_Party/FreeRTOS/Source/list.o
 .debug_ranges  0x00001000      0x1f0 Middlewares/Third_Party/FreeRTOS/Source/tasks.o
 .debug_ranges  0x000011f0       0x68 Middlewares/Third_Party/FreeRTOS/Source/portable/GCC/ARM_CM3/port.o
 .debug_ranges  0x00001258       0x40 Middlewares/Third_Party/FreeRTOS/Source/portable/MemMang/heap_4.o
 .debug_ranges  0x00001298       0x28 Src/arp.o
 .debug_ranges  0x000012c0       0x88 Src/enc28j60.o
 .debug_ranges  0x00001348       0x78 Src/main.o
 .debug_ranges  0x000013c0       0x70 Src/net.o
 .debug_ranges  0x00001430       0x68 Src/stm32f1xx_hal_msp.o
 .debug_ranges  0x00001498       0x20 Src/stm32f1xx_hal_timebase_tim.o
 .debug_ranges  0x000014b8       0x48 Src/stm32f1xx_it.o
 .debug_ranges  0x00001500       0xa0 Src/syscalls.o
 .debug_ranges  0x000015a0       0x18 Src/system_stm32f1xx.o
 .debug_ranges  0x000015b8       0x20 Src/udp.o
 .debug_ranges  0x000015d8       0x20 startup/startup_stm32f103xb.o

.debug_macro    0x00000000    0x1a880
 .debug_macro   0x00000000      0x330 Drivers/STM32F1xx_HAL_Driver/Src/stm32f1xx_hal.o
 .debug_macro   0x00000330      0xa60 Drivers/STM32F1xx_HAL_Driver/Src/stm32f1xx_hal.o
 .debug_macro   0x00000d90      0x181 Drivers/STM32F1xx_HAL_Driver/Src/stm32f1xx_hal.o
 .debug_macro   0x00000f11       0x2e Drivers/STM32F1xx_HAL_Driver/Src/stm32f1xx_hal.o
 .debug_macro   0x00000f3f       0x22 Drivers/STM32F1xx_HAL_Driver/Src/stm32f1xx_hal.o
 .debug_macro   0x00000f61       0x22 Drivers/STM32F1xx_HAL_Driver/Src/stm32f1xx_hal.o
 .debug_macro   0x00000f83       0x8e Drivers/STM32F1xx_HAL_Driver/Src/stm32f1xx_hal.o
 .debug_macro   0x00001011       0x51 Drivers/STM32F1xx_HAL_Driver/Src/stm32f1xx_hal.o
 .debug_macro   0x00001062       0xef Drivers/STM32F1xx_HAL_Driver/Src/stm32f1xx_hal.o
 .debug_macro   0x00001151       0x6a Drivers/STM32F1xx_HAL_Driver/Src/stm32f1xx_hal.o
 .debug_macro   0x000011bb      0x1df Drivers/STM32F1xx_HAL_Driver/Src/stm32f1xx_hal.o
 .debug_macro   0x0000139a       0x34 Drivers/STM32F1xx_HAL_Driver/Src/stm32f1xx_hal.o
 .debug_macro   0x000013ce       0x34 Drivers/STM32F1xx_HAL_Driver/Src/stm32f1xx_hal.o
 .debug_macro   0x00001402      0xb8e Drivers/STM32F1xx_HAL_Driver/Src/stm32f1xx_hal.o
 .debug_macro   0x00001f90     0xe911 Drivers/STM32F1xx_HAL_Driver/Src/stm32f1xx_hal.o
 .debug_macro   0x000108a1       0x43 Drivers/STM32F1xx_HAL_Driver/Src/stm32f1xx_hal.o
 .debug_macro   0x000108e4       0x5e Drivers/STM32F1xx_HAL_Driver/Src/stm32f1xx_hal.o
 .debug_macro   0x00010942       0x18 Drivers/STM32F1xx_HAL_Driver/Src/stm32f1xx_hal.o
 .debug_macro   0x0001095a       0x35 Drivers/STM32F1xx_HAL_Driver/Src/stm32f1xx_hal.o
 .debug_macro   0x0001098f       0x34 Drivers/STM32F1xx_HAL_Driver/Src/stm32f1xx_hal.o
 .debug_macro   0x000109c3       0x16 Drivers/STM32F1xx_HAL_Driver/Src/stm32f1xx_hal.o
 .debug_macro   0x000109d9       0x97 Drivers/STM32F1xx_HAL_Driver/Src/stm32f1xx_hal.o
 .debug_macro   0x00010a70      0x330 Drivers/STM32F1xx_HAL_Driver/Src/stm32f1xx_hal.o
 .debug_macro   0x00010da0       0xfd Drivers/STM32F1xx_HAL_Driver/Src/stm32f1xx_hal.o
 .debug_macro   0x00010e9d       0x10 Drivers/STM32F1xx_HAL_Driver/Src/stm32f1xx_hal.o
 .debug_macro   0x00010ead       0x58 Drivers/STM32F1xx_HAL_Driver/Src/stm32f1xx_hal.o
 .debug_macro   0x00010f05       0x1f Drivers/STM32F1xx_HAL_Driver/Src/stm32f1xx_hal.o
 .debug_macro   0x00010f24       0x43 Drivers/STM32F1xx_HAL_Driver/Src/stm32f1xx_hal.o
 .debug_macro   0x00010f67       0x20 Drivers/STM32F1xx_HAL_Driver/Src/stm32f1xx_hal.o
 .debug_macro   0x00010f87      0x18e Drivers/STM32F1xx_HAL_Driver/Src/stm32f1xx_hal.o
 .debug_macro   0x00011115       0x10 Drivers/STM32F1xx_HAL_Driver/Src/stm32f1xx_hal.o
 .debug_macro   0x00011125       0x1c Drivers/STM32F1xx_HAL_Driver/Src/stm32f1xx_hal.o
 .debug_macro   0x00011141       0x52 Drivers/STM32F1xx_HAL_Driver/Src/stm32f1xx_hal.o
 .debug_macro   0x00011193       0x40 Drivers/STM32F1xx_HAL_Driver/Src/stm32f1xx_hal.o
 .debug_macro   0x000111d3       0x10 Drivers/STM32F1xx_HAL_Driver/Src/stm32f1xx_hal.o
 .debug_macro   0x000111e3       0x40 Drivers/STM32F1xx_HAL_Driver/Src/stm32f1xx_hal.o
 .debug_macro   0x00011223       0xd7 Drivers/STM32F1xx_HAL_Driver/Src/stm32f1xx_hal.o
 .debug_macro   0x000112fa       0x1c Drivers/STM32F1xx_HAL_Driver/Src/stm32f1xx_hal.o
 .debug_macro   0x00011316       0x3d Drivers/STM32F1xx_HAL_Driver/Src/stm32f1xx_hal.o
 .debug_macro   0x00011353       0x16 Drivers/STM32F1xx_HAL_Driver/Src/stm32f1xx_hal.o
 .debug_macro   0x00011369      0x16f Drivers/STM32F1xx_HAL_Driver/Src/stm32f1xx_hal.o
 .debug_macro   0x000114d8       0x50 Drivers/STM32F1xx_HAL_Driver/Src/stm32f1xx_hal.o
 .debug_macro   0x00011528      0x5c2 Drivers/STM32F1xx_HAL_Driver/Src/stm32f1xx_hal.o
 .debug_macro   0x00011aea      0x28a Drivers/STM32F1xx_HAL_Driver/Src/stm32f1xx_hal.o
 .debug_macro   0x00011d74      0x1cb Drivers/STM32F1xx_HAL_Driver/Src/stm32f1xx_hal.o
 .debug_macro   0x00011f3f      0x11e Drivers/STM32F1xx_HAL_Driver/Src/stm32f1xx_hal.o
 .debug_macro   0x0001205d      0x1b3 Drivers/STM32F1xx_HAL_Driver/Src/stm32f1xx_hal.o
 .debug_macro   0x00012210       0x27 Drivers/STM32F1xx_HAL_Driver/Src/stm32f1xx_hal.o
 .debug_macro   0x00012237      0x1bc Drivers/STM32F1xx_HAL_Driver/Src/stm32f1xx_hal.o
 .debug_macro   0x000123f3       0x34 Drivers/STM32F1xx_HAL_Driver/Src/stm32f1xx_hal.o
 .debug_macro   0x00012427       0x3c Drivers/STM32F1xx_HAL_Driver/Src/stm32f1xx_hal.o
 .debug_macro   0x00012463       0x57 Drivers/STM32F1xx_HAL_Driver/Src/stm32f1xx_hal.o
 .debug_macro   0x000124ba      0x46a Drivers/STM32F1xx_HAL_Driver/Src/stm32f1xx_hal.o
 .debug_macro   0x00012924      0x1b5 Drivers/STM32F1xx_HAL_Driver/Src/stm32f1xx_hal.o
 .debug_macro   0x00012ad9       0x8c Drivers/STM32F1xx_HAL_Driver/Src/stm32f1xx_hal.o
 .debug_macro   0x00012b65      0x242 Drivers/STM32F1xx_HAL_Driver/Src/stm32f1xx_hal.o
 .debug_macro   0x00012da7      0x264 Drivers/STM32F1xx_HAL_Driver/Src/stm32f1xx_hal.o
 .debug_macro   0x0001300b      0x143 Drivers/STM32F1xx_HAL_Driver/Src/stm32f1xx_hal.o
 .debug_macro   0x0001314e      0x1f4 Drivers/STM32F1xx_HAL_Driver/Src/stm32f1xx_hal.o
 .debug_macro   0x00013342      0x853 Drivers/STM32F1xx_HAL_Driver/Src/stm32f1xx_hal.o
 .debug_macro   0x00013b95       0x1f Drivers/STM32F1xx_HAL_Driver/Src/stm32f1xx_hal.o
 .debug_macro   0x00013bb4      0x26b Drivers/STM32F1xx_HAL_Driver/Src/stm32f1xx_hal.o
 .debug_macro   0x00013e1f       0x83 Drivers/STM32F1xx_HAL_Driver/Src/stm32f1xx_hal.o
 .debug_macro   0x00013ea2      0x329 Drivers/STM32F1xx_HAL_Driver/Src/stm32f1xx_hal_adc.o
 .debug_macro   0x000141cb      0x30c Drivers/STM32F1xx_HAL_Driver/Src/stm32f1xx_hal_cortex.o
 .debug_macro   0x000144d7      0x37c Drivers/STM32F1xx_HAL_Driver/Src/stm32f1xx_hal_gpio.o
 .debug_macro   0x00014853      0x34c Drivers/STM32F1xx_HAL_Driver/Src/stm32f1xx_hal_i2c.o
 .debug_macro   0x00014b9f      0x31e Drivers/STM32F1xx_HAL_Driver/Src/stm32f1xx_hal_rcc.o
 .debug_macro   0x00014ebd      0x30c Drivers/STM32F1xx_HAL_Driver/Src/stm32f1xx_hal_rcc_ex.o
 .debug_macro   0x000151c9      0x314 Drivers/STM32F1xx_HAL_Driver/Src/stm32f1xx_hal_spi.o
 .debug_macro   0x000154dd      0x30c Drivers/STM32F1xx_HAL_Driver/Src/stm32f1xx_hal_spi_ex.o
 .debug_macro   0x000157e9      0x30c Drivers/STM32F1xx_HAL_Driver/Src/stm32f1xx_hal_tim.o
 .debug_macro   0x00015af5      0x30c Drivers/STM32F1xx_HAL_Driver/Src/stm32f1xx_hal_tim_ex.o
 .debug_macro   0x00015e01      0x30d Drivers/STM32F1xx_HAL_Driver/Src/stm32f1xx_hal_uart.o
 .debug_macro   0x0001610e      0x1ed Middlewares/Third_Party/FreeRTOS/Source/CMSIS_RTOS/cmsis_os.o
 .debug_macro   0x000162fb       0x58 Middlewares/Third_Party/FreeRTOS/Source/CMSIS_RTOS/cmsis_os.o
 .debug_macro   0x00016353       0x94 Middlewares/Third_Party/FreeRTOS/Source/CMSIS_RTOS/cmsis_os.o
 .debug_macro   0x000163e7      0x174 Middlewares/Third_Party/FreeRTOS/Source/CMSIS_RTOS/cmsis_os.o
 .debug_macro   0x0001655b       0x57 Middlewares/Third_Party/FreeRTOS/Source/CMSIS_RTOS/cmsis_os.o
 .debug_macro   0x000165b2       0x10 Middlewares/Third_Party/FreeRTOS/Source/CMSIS_RTOS/cmsis_os.o
 .debug_macro   0x000165c2       0x35 Middlewares/Third_Party/FreeRTOS/Source/CMSIS_RTOS/cmsis_os.o
 .debug_macro   0x000165f7       0xdf Middlewares/Third_Party/FreeRTOS/Source/CMSIS_RTOS/cmsis_os.o
 .debug_macro   0x000166d6      0x168 Middlewares/Third_Party/FreeRTOS/Source/CMSIS_RTOS/cmsis_os.o
 .debug_macro   0x0001683e       0xe4 Middlewares/Third_Party/FreeRTOS/Source/CMSIS_RTOS/cmsis_os.o
 .debug_macro   0x00016922       0x10 Middlewares/Third_Party/FreeRTOS/Source/CMSIS_RTOS/cmsis_os.o
 .debug_macro   0x00016932       0x1f Middlewares/Third_Party/FreeRTOS/Source/CMSIS_RTOS/cmsis_os.o
 .debug_macro   0x00016951      0x40f Middlewares/Third_Party/FreeRTOS/Source/CMSIS_RTOS/cmsis_os.o
 .debug_macro   0x00016d60       0xc0 Middlewares/Third_Party/FreeRTOS/Source/CMSIS_RTOS/cmsis_os.o
 .debug_macro   0x00016e20       0x8c Middlewares/Third_Party/FreeRTOS/Source/CMSIS_RTOS/cmsis_os.o
 .debug_macro   0x00016eac       0x91 Middlewares/Third_Party/FreeRTOS/Source/CMSIS_RTOS/cmsis_os.o
 .debug_macro   0x00016f3d       0x94 Middlewares/Third_Party/FreeRTOS/Source/CMSIS_RTOS/cmsis_os.o
 .debug_macro   0x00016fd1       0x63 Middlewares/Third_Party/FreeRTOS/Source/CMSIS_RTOS/cmsis_os.o
 .debug_macro   0x00017034       0x19 Middlewares/Third_Party/FreeRTOS/Source/CMSIS_RTOS/cmsis_os.o
 .debug_macro   0x0001704d       0xcf Middlewares/Third_Party/FreeRTOS/Source/CMSIS_RTOS/cmsis_os.o
 .debug_macro   0x0001711c       0x26 Middlewares/Third_Party/FreeRTOS/Source/CMSIS_RTOS/cmsis_os.o
 .debug_macro   0x00017142      0x17b Middlewares/Third_Party/FreeRTOS/Source/list.o
 .debug_macro   0x000172bd      0x264 Middlewares/Third_Party/FreeRTOS/Source/tasks.o
 .debug_macro   0x00017521       0x11 Middlewares/Third_Party/FreeRTOS/Source/tasks.o
 .debug_macro   0x00017532      0x176 Middlewares/Third_Party/FreeRTOS/Source/portable/GCC/ARM_CM3/port.o
 .debug_macro   0x000176a8      0x1a2 Middlewares/Third_Party/FreeRTOS/Source/portable/MemMang/heap_4.o
 .debug_macro   0x0001784a      0x39f Src/arp.o
 .debug_macro   0x00017be9      0x32c Src/arp.o
 .debug_macro   0x00017f15       0x64 Src/arp.o
 .debug_macro   0x00017f79      0x37a Src/enc28j60.o
 .debug_macro   0x000182f3      0x326 Src/enc28j60.o
 .debug_macro   0x00018619      0x461 Src/main.o
 .debug_macro   0x00018a7a       0xdf Src/main.o
 .debug_macro   0x00018b59       0x5e Src/main.o
 .debug_macro   0x00018bb7       0x10 Src/main.o
 .debug_macro   0x00018bc7      0x39a Src/net.o
 .debug_macro   0x00018f61      0x31b Src/stm32f1xx_hal_msp.o
 .debug_macro   0x0001927c      0x30c Src/stm32f1xx_hal_timebase_tim.o
 .debug_macro   0x00019588      0x3d9 Src/stm32f1xx_it.o
 .debug_macro   0x00019961      0x243 Src/syscalls.o
 .debug_macro   0x00019ba4       0x10 Src/syscalls.o
 .debug_macro   0x00019bb4       0x10 Src/syscalls.o
 .debug_macro   0x00019bc4       0x10 Src/syscalls.o
 .debug_macro   0x00019bd4       0x35 Src/syscalls.o
 .debug_macro   0x00019c09      0x122 Src/syscalls.o
 .debug_macro   0x00019d2b       0x10 Src/syscalls.o
 .debug_macro   0x00019d3b      0x241 Src/syscalls.o
 .debug_macro   0x00019f7c       0x1c Src/syscalls.o
 .debug_macro   0x00019f98       0x10 Src/syscalls.o
 .debug_macro   0x00019fa8      0x189 Src/syscalls.o
 .debug_macro   0x0001a131       0x16 Src/syscalls.o
 .debug_macro   0x0001a147       0x88 Src/syscalls.o
 .debug_macro   0x0001a1cf      0x312 Src/system_stm32f1xx.o
 .debug_macro   0x0001a4e1      0x39f Src/udp.o

.debug_line     0x00000000    0x11bab
 .debug_line    0x00000000      0x8cf Drivers/STM32F1xx_HAL_Driver/Src/stm32f1xx_hal.o
 .debug_line    0x000008cf      0xc60 Drivers/STM32F1xx_HAL_Driver/Src/stm32f1xx_hal_adc.o
 .debug_line    0x0000152f      0x8e7 Drivers/STM32F1xx_HAL_Driver/Src/stm32f1xx_hal_cortex.o
 .debug_line    0x00001e16      0x8cc Drivers/STM32F1xx_HAL_Driver/Src/stm32f1xx_hal_gpio.o
 .debug_line    0x000026e2     0x197e Drivers/STM32F1xx_HAL_Driver/Src/stm32f1xx_hal_i2c.o
 .debug_line    0x00004060      0x9ed Drivers/STM32F1xx_HAL_Driver/Src/stm32f1xx_hal_rcc.o
 .debug_line    0x00004a4d      0x7d5 Drivers/STM32F1xx_HAL_Driver/Src/stm32f1xx_hal_rcc_ex.o
 .debug_line    0x00005222     0x1116 Drivers/STM32F1xx_HAL_Driver/Src/stm32f1xx_hal_spi.o
 .debug_line    0x00006338      0x748 Drivers/STM32F1xx_HAL_Driver/Src/stm32f1xx_hal_spi_ex.o
 .debug_line    0x00006a80     0x16e4 Drivers/STM32F1xx_HAL_Driver/Src/stm32f1xx_hal_tim.o
 .debug_line    0x00008164      0xc9e Drivers/STM32F1xx_HAL_Driver/Src/stm32f1xx_hal_tim_ex.o
 .debug_line    0x00008e02     0x1000 Drivers/STM32F1xx_HAL_Driver/Src/stm32f1xx_hal_uart.o
 .debug_line    0x00009e02      0xb80 Middlewares/Third_Party/FreeRTOS/Source/CMSIS_RTOS/cmsis_os.o
 .debug_line    0x0000a982      0x52e Middlewares/Third_Party/FreeRTOS/Source/list.o
 .debug_line    0x0000aeb0      0xdca Middlewares/Third_Party/FreeRTOS/Source/tasks.o
 .debug_line    0x0000bc7a      0x59a Middlewares/Third_Party/FreeRTOS/Source/portable/GCC/ARM_CM3/port.o
 .debug_line    0x0000c214      0x5e2 Middlewares/Third_Party/FreeRTOS/Source/portable/MemMang/heap_4.o
 .debug_line    0x0000c7f6      0x87a Src/arp.o
 .debug_line    0x0000d070      0x8d6 Src/enc28j60.o
 .debug_line    0x0000d946      0xae0 Src/main.o
 .debug_line    0x0000e426      0x920 Src/net.o
 .debug_line    0x0000ed46      0x848 Src/stm32f1xx_hal_msp.o
 .debug_line    0x0000f58e      0x747 Src/stm32f1xx_hal_timebase_tim.o
 .debug_line    0x0000fcd5      0x94a Src/stm32f1xx_it.o
 .debug_line    0x0001061f      0x5f9 Src/syscalls.o
 .debug_line    0x00010c18      0x74c Src/system_stm32f1xx.o
 .debug_line    0x00011364      0x7ca Src/udp.o
 .debug_line    0x00011b2e       0x7d startup/startup_stm32f103xb.o

.debug_str      0x00000000    0x83d33
 .debug_str     0x00000000    0x7609b Drivers/STM32F1xx_HAL_Driver/Src/stm32f1xx_hal.o
                              0x76458 (size before relaxing)
 .debug_str     0x0007609b      0x6ad Drivers/STM32F1xx_HAL_Driver/Src/stm32f1xx_hal_adc.o
                              0x76479 (size before relaxing)
 .debug_str     0x00076748      0x2d8 Drivers/STM32F1xx_HAL_Driver/Src/stm32f1xx_hal_cortex.o
                              0x76427 (size before relaxing)
 .debug_str     0x00076a20      0x3a3 Drivers/STM32F1xx_HAL_Driver/Src/stm32f1xx_hal_gpio.o
                              0x7616e (size before relaxing)
 .debug_str     0x00076dc3      0xcf8 Drivers/STM32F1xx_HAL_Driver/Src/stm32f1xx_hal_i2c.o
                              0x76ca7 (size before relaxing)
 .debug_str     0x00077abb      0x348 Drivers/STM32F1xx_HAL_Driver/Src/stm32f1xx_hal_rcc.o
                              0x761c3 (size before relaxing)
 .debug_str     0x00077e03      0x110 Drivers/STM32F1xx_HAL_Driver/Src/stm32f1xx_hal_rcc_ex.o
                              0x75f4f (size before relaxing)
 .debug_str     0x00077f13      0x6ab Drivers/STM32F1xx_HAL_Driver/Src/stm32f1xx_hal_spi.o
                              0x76680 (size before relaxing)
 .debug_str     0x000785be       0x3b Drivers/STM32F1xx_HAL_Driver/Src/stm32f1xx_hal_spi_ex.o
                              0x7614f (size before relaxing)
 .debug_str     0x000785f9      0xf05 Drivers/STM32F1xx_HAL_Driver/Src/stm32f1xx_hal_tim.o
                              0x76ec3 (size before relaxing)
 .debug_str     0x000794fe      0x4f1 Drivers/STM32F1xx_HAL_Driver/Src/stm32f1xx_hal_tim_ex.o
                              0x76765 (size before relaxing)
 .debug_str     0x000799ef      0x675 Drivers/STM32F1xx_HAL_Driver/Src/stm32f1xx_hal_uart.o
                              0x766dc (size before relaxing)
 .debug_str     0x0007a064     0x5d1b Middlewares/Third_Party/FreeRTOS/Source/CMSIS_RTOS/cmsis_os.o
                               0xc996 (size before relaxing)
 .debug_str     0x0007fd7f      0x234 Middlewares/Third_Party/FreeRTOS/Source/list.o
                               0x9c2a (size before relaxing)
 .debug_str     0x0007ffb3     0x10b7 Middlewares/Third_Party/FreeRTOS/Source/tasks.o
                               0xbcbd (size before relaxing)
 .debug_str     0x0008106a      0x666 Middlewares/Third_Party/FreeRTOS/Source/portable/GCC/ARM_CM3/port.o
                               0x7c0d (size before relaxing)
 .debug_str     0x000816d0      0x243 Middlewares/Third_Party/FreeRTOS/Source/portable/MemMang/heap_4.o
                               0xa36a (size before relaxing)
 .debug_str     0x00081913      0xd91 Src/arp.o
                              0x76f60 (size before relaxing)
 .debug_str     0x000826a4      0x171 Src/enc28j60.o
                              0x76f84 (size before relaxing)
 .debug_str     0x00082815      0x292 Src/main.o
                              0x7d1cd (size before relaxing)
 .debug_str     0x00082aa7       0xd8 Src/net.o
                              0x76fff (size before relaxing)
 .debug_str     0x00082b7f       0x24 Src/stm32f1xx_hal_msp.o
                              0x76cdc (size before relaxing)
 .debug_str     0x00082ba3       0x50 Src/stm32f1xx_hal_timebase_tim.o
                              0x76577 (size before relaxing)
 .debug_str     0x00082bf3       0x9e Src/stm32f1xx_it.o
                              0x7b4b1 (size before relaxing)
 .debug_str     0x00082c91      0xfcd Src/syscalls.o
                               0x8586 (size before relaxing)
 .debug_str     0x00083c5e       0x69 Src/system_stm32f1xx.o
                              0x75e19 (size before relaxing)
 .debug_str     0x00083cc7       0x3d Src/udp.o
                              0x76e8f (size before relaxing)
 .debug_str     0x00083d04       0x2f startup/startup_stm32f103xb.o
                                 0x51 (size before relaxing)

.comment        0x00000000       0x7f
 .comment       0x00000000       0x7f Drivers/STM32F1xx_HAL_Driver/Src/stm32f1xx_hal.o
                                 0x80 (size before relaxing)
 .comment       0x0000007f       0x80 Drivers/STM32F1xx_HAL_Driver/Src/stm32f1xx_hal_adc.o
 .comment       0x0000007f       0x80 Drivers/STM32F1xx_HAL_Driver/Src/stm32f1xx_hal_cortex.o
 .comment       0x0000007f       0x80 Drivers/STM32F1xx_HAL_Driver/Src/stm32f1xx_hal_gpio.o
 .comment       0x0000007f       0x80 Drivers/STM32F1xx_HAL_Driver/Src/stm32f1xx_hal_i2c.o
 .comment       0x0000007f       0x80 Drivers/STM32F1xx_HAL_Driver/Src/stm32f1xx_hal_rcc.o
 .comment       0x0000007f       0x80 Drivers/STM32F1xx_HAL_Driver/Src/stm32f1xx_hal_rcc_ex.o
 .comment       0x0000007f       0x80 Drivers/STM32F1xx_HAL_Driver/Src/stm32f1xx_hal_spi.o
 .comment       0x0000007f       0x80 Drivers/STM32F1xx_HAL_Driver/Src/stm32f1xx_hal_spi_ex.o
 .comment       0x0000007f       0x80 Drivers/STM32F1xx_HAL_Driver/Src/stm32f1xx_hal_tim.o
 .comment       0x0000007f       0x80 Drivers/STM32F1xx_HAL_Driver/Src/stm32f1xx_hal_tim_ex.o
 .comment       0x0000007f       0x80 Drivers/STM32F1xx_HAL_Driver/Src/stm32f1xx_hal_uart.o
 .comment       0x0000007f       0x80 Middlewares/Third_Party/FreeRTOS/Source/CMSIS_RTOS/cmsis_os.o
 .comment       0x0000007f       0x80 Middlewares/Third_Party/FreeRTOS/Source/list.o
 .comment       0x0000007f       0x80 Middlewares/Third_Party/FreeRTOS/Source/tasks.o
 .comment       0x0000007f       0x80 Middlewares/Third_Party/FreeRTOS/Source/portable/GCC/ARM_CM3/port.o
 .comment       0x0000007f       0x80 Middlewares/Third_Party/FreeRTOS/Source/portable/MemMang/heap_4.o
 .comment       0x0000007f       0x80 Src/arp.o
 .comment       0x0000007f       0x80 Src/enc28j60.o
 .comment       0x0000007f       0x80 Src/main.o
 .comment       0x0000007f       0x80 Src/net.o
 .comment       0x0000007f       0x80 Src/stm32f1xx_hal_msp.o
 .comment       0x0000007f       0x80 Src/stm32f1xx_hal_timebase_tim.o
 .comment       0x0000007f       0x80 Src/stm32f1xx_it.o
 .comment       0x0000007f       0x80 Src/syscalls.o
 .comment       0x0000007f       0x80 Src/system_stm32f1xx.o
 .comment       0x0000007f       0x80 Src/udp.o

.debug_frame    0x00000000     0x4504
 .debug_frame   0x00000000      0x1ac Drivers/STM32F1xx_HAL_Driver/Src/stm32f1xx_hal.o
 .debug_frame   0x000001ac      0x2c4 Drivers/STM32F1xx_HAL_Driver/Src/stm32f1xx_hal_adc.o
 .debug_frame   0x00000470      0x12c Drivers/STM32F1xx_HAL_Driver/Src/stm32f1xx_hal_cortex.o
 .debug_frame   0x0000059c       0xd4 Drivers/STM32F1xx_HAL_Driver/Src/stm32f1xx_hal_gpio.o
 .debug_frame   0x00000670      0x87c Drivers/STM32F1xx_HAL_Driver/Src/stm32f1xx_hal_i2c.o
 .debug_frame   0x00000eec      0x174 Drivers/STM32F1xx_HAL_Driver/Src/stm32f1xx_hal_rcc.o
 .debug_frame   0x00001060       0x6c Drivers/STM32F1xx_HAL_Driver/Src/stm32f1xx_hal_rcc_ex.o